.. _misc_mynet_dmesgs_arrakis:

dmesg for arrakis:
^^^^^^^^^^^^^^^^^^

.. code-block:: console

   OpenBSD 6.5-current (GENERIC.MP) #47: Tue Apr 30 19:35:24 MDT 2019
       deraadt@amd64.openbsd.org:/usr/src/sys/arch/amd64/compile/GENERIC.MP
   real mem = 8304582656 (7919MB)
   avail mem = 8042864640 (7670MB)
   mpath0 at root
   scsibus0 at mpath0: 256 targets
   mainbus0 at root
   bios0 at mainbus0: SMBIOS rev. 2.8 @ 0xcf055000 (65 entries)
   bios0: vendor LENOVO version "N1FET64W (1.38 )" date 07/25/2018
   bios0: LENOVO 20FBCTO1WW
   acpi0 at bios0: rev 2
   acpi0: sleep states S0 S3 S4 S5
   acpi0: tables DSDT FACP TCPA SSDT SSDT TPM2 UEFI SSDT SSDT ECDT HPET APIC MCFG SSDT SSDT DBGP DBG2 BOOT BATB SSDT SSDT MSDM DMAR ASF! FPDT UEFI
   acpi0: wakeup devices LID_(S4) SLPB(S3) IGBE(S4) EXP9(S4) XHCI(S3)
   acpitimer0 at acpi0: 3579545 Hz, 24 bits
   acpiec0 at acpi0
   acpihpet0 at acpi0: 23999999 Hz
   acpimadt0 at acpi0 addr 0xfee00000: PC-AT compat
   cpu0 at mainbus0: apid 0 (boot processor)
   cpu0: Intel(R) Core(TM) i5-6200U CPU @ 2.30GHz, 1097.90 MHz, 06-4e-03
   cpu0: FPU,VME,DE,PSE,TSC,MSR,PAE,MCE,CX8,APIC,SEP,MTRR,PGE,MCA,CMOV,PAT,PSE36,CFLUSH,DS,ACPI,MMX,FXSR,SSE,SSE2,SS,HTT,TM,PBE,SSE3,PCLMUL,DTES64,MWAIT,DS-CPL,VMX,EST,TM2,SSSE3,SDBG,FMA3,CX16,xTPR,PDCM,PCID,SSE4.1,SSE4.2,x2APIC,MOVBE,POPCNT,DEADLINE,AES,XSAVE,AVX,F16C,RDRAND,NXE,PAGE1GB,RDTSCP,LONG,LAHF,ABM,3DNOWP,PERF,ITSC,FSGSBASE,SGX,BMI1,AVX2,SMEP,BMI2,ERMS,INVPCID,MPX,RDSEED,ADX,SMAP,CLFLUSHOPT,PT,IBRS,IBPB,STIBP,L1DF,SSBD,SENSOR,ARAT,XSAVEOPT,XSAVEC,XGETBV1,XSAVES,MELTDOWN
   cpu0: 256KB 64b/line 8-way L2 cache
   cpu0: smt 0, core 0, package 0
   mtrr: Pentium Pro MTRR support, 10 var ranges, 88 fixed ranges
   cpu0: apic clock running at 23MHz
   cpu0: mwait min=64, max=64, C-substates=0.2.1.2.4.1.1.1, IBE
   cpu1 at mainbus0: apid 2 (application processor)
   cpu1: Intel(R) Core(TM) i5-6200U CPU @ 2.30GHz, 920.77 MHz, 06-4e-03
   cpu1: FPU,VME,DE,PSE,TSC,MSR,PAE,MCE,CX8,APIC,SEP,MTRR,PGE,MCA,CMOV,PAT,PSE36,CFLUSH,DS,ACPI,MMX,FXSR,SSE,SSE2,SS,HTT,TM,PBE,SSE3,PCLMUL,DTES64,MWAIT,DS-CPL,VMX,EST,TM2,SSSE3,SDBG,FMA3,CX16,xTPR,PDCM,PCID,SSE4.1,SSE4.2,x2APIC,MOVBE,POPCNT,DEADLINE,AES,XSAVE,AVX,F16C,RDRAND,NXE,PAGE1GB,RDTSCP,LONG,LAHF,ABM,3DNOWP,PERF,ITSC,FSGSBASE,SGX,BMI1,AVX2,SMEP,BMI2,ERMS,INVPCID,MPX,RDSEED,ADX,SMAP,CLFLUSHOPT,PT,IBRS,IBPB,STIBP,L1DF,SSBD,SENSOR,ARAT,XSAVEOPT,XSAVEC,XGETBV1,XSAVES,MELTDOWN
   cpu1: 256KB 64b/line 8-way L2 cache
   cpu1: smt 0, core 1, package 0
   cpu2 at mainbus0: apid 1 (application processor)
   cpu2: Intel(R) Core(TM) i5-6200U CPU @ 2.30GHz, 897.91 MHz, 06-4e-03
   cpu2: FPU,VME,DE,PSE,TSC,MSR,PAE,MCE,CX8,APIC,SEP,MTRR,PGE,MCA,CMOV,PAT,PSE36,CFLUSH,DS,ACPI,MMX,FXSR,SSE,SSE2,SS,HTT,TM,PBE,SSE3,PCLMUL,DTES64,MWAIT,DS-CPL,VMX,EST,TM2,SSSE3,SDBG,FMA3,CX16,xTPR,PDCM,PCID,SSE4.1,SSE4.2,x2APIC,MOVBE,POPCNT,DEADLINE,AES,XSAVE,AVX,F16C,RDRAND,NXE,PAGE1GB,RDTSCP,LONG,LAHF,ABM,3DNOWP,PERF,ITSC,FSGSBASE,SGX,BMI1,AVX2,SMEP,BMI2,ERMS,INVPCID,MPX,RDSEED,ADX,SMAP,CLFLUSHOPT,PT,IBRS,IBPB,STIBP,L1DF,SSBD,SENSOR,ARAT,XSAVEOPT,XSAVEC,XGETBV1,XSAVES,MELTDOWN
   cpu2: 256KB 64b/line 8-way L2 cache
   cpu2: smt 1, core 0, package 0
   cpu3 at mainbus0: apid 3 (application processor)
   cpu3: Intel(R) Core(TM) i5-6200U CPU @ 2.30GHz, 897.91 MHz, 06-4e-03
   cpu3: FPU,VME,DE,PSE,TSC,MSR,PAE,MCE,CX8,APIC,SEP,MTRR,PGE,MCA,CMOV,PAT,PSE36,CFLUSH,DS,ACPI,MMX,FXSR,SSE,SSE2,SS,HTT,TM,PBE,SSE3,PCLMUL,DTES64,MWAIT,DS-CPL,VMX,EST,TM2,SSSE3,SDBG,FMA3,CX16,xTPR,PDCM,PCID,SSE4.1,SSE4.2,x2APIC,MOVBE,POPCNT,DEADLINE,AES,XSAVE,AVX,F16C,RDRAND,NXE,PAGE1GB,RDTSCP,LONG,LAHF,ABM,3DNOWP,PERF,ITSC,FSGSBASE,SGX,BMI1,AVX2,SMEP,BMI2,ERMS,INVPCID,MPX,RDSEED,ADX,SMAP,CLFLUSHOPT,PT,IBRS,IBPB,STIBP,L1DF,SSBD,SENSOR,ARAT,XSAVEOPT,XSAVEC,XGETBV1,XSAVES,MELTDOWN
   cpu3: 256KB 64b/line 8-way L2 cache
   cpu3: smt 1, core 1, package 0
   ioapic0 at mainbus0: apid 2 pa 0xfec00000, version 20, 120 pins
   acpimcfg0 at acpi0
   acpimcfg0: addr 0xf8000000, bus 0-63
   acpiprt0 at acpi0: bus 0 (PCI0)
   acpiprt1 at acpi0: bus -1 (PEG0)
   acpiprt2 at acpi0: bus -1 (PEG1)
   acpiprt3 at acpi0: bus -1 (PEG2)
   acpiprt4 at acpi0: bus 2 (EXP1)
   acpiprt5 at acpi0: bus 4 (EXP3)
   acpiprt6 at acpi0: bus -1 (EXP5)
   acpiprt7 at acpi0: bus -1 (EXP9)
   acpicpu0 at acpi0: C3(200@1034 mwait.1@0x60), C2(200@151 mwait.1@0x33), C1(1000@1 mwait.1), PSS
   acpicpu1 at acpi0: C3(200@1034 mwait.1@0x60), C2(200@151 mwait.1@0x33), C1(1000@1 mwait.1), PSS
   acpicpu2 at acpi0: C3(200@1034 mwait.1@0x60), C2(200@151 mwait.1@0x33), C1(1000@1 mwait.1), PSS
   acpicpu3 at acpi0: C3(200@1034 mwait.1@0x60), C2(200@151 mwait.1@0x33), C1(1000@1 mwait.1), PSS
   acpipwrres0 at acpi0: PUBS, resource for XHCI
   acpipwrres1 at acpi0: PG00, resource for PEG0
   acpipwrres2 at acpi0: PG01, resource for PEG1
   acpipwrres3 at acpi0: PG02, resource for PEG2
   acpipwrres4 at acpi0: WRST
   acpipwrres5 at acpi0: WRST
   acpitz0 at acpi0: critical temperature is 128 degC
   acpibtn0 at acpi0: LID_
   acpibtn1 at acpi0: SLPB
   acpipci0 at acpi0 PCI0: 0x00000000 0x00000011 0x00000001
   acpicmos0 at acpi0
   acpibat0 at acpi0: BAT0 model "00HW029" serial  4313 type LiP oem "SMP"
   acpiac0 at acpi0: AC unit online
   acpithinkpad0 at acpi0
   "PNP0C60" at acpi0 not configured
   "PNP0C14" at acpi0 not configured
   "PNP0C14" at acpi0 not configured
   "PNP0C14" at acpi0 not configured
   "INT0E0C" at acpi0 not configured
   "PNP0C14" at acpi0 not configured
   "MSFT0101" at acpi0 not configured
   acpivideo0 at acpi0: GFX0
   acpivout at acpivideo0 not configured
   cpu0: Enhanced SpeedStep 1097 MHz: speeds: 2301, 2300, 2200, 2100, 2000, 1800, 1700, 1500, 1400, 1300, 1100, 1000, 800, 700, 500, 400 MHz
   pci0 at mainbus0 bus 0
   pchb0 at pci0 dev 0 function 0 "Intel Core 6G Host" rev 0x08
   inteldrm0 at pci0 dev 2 function 0 "Intel HD Graphics 520" rev 0x07
   drm0 at inteldrm0
   inteldrm0: msi
   "Intel Core GMM" rev 0x00 at pci0 dev 8 function 0 not configured
   "Intel 100 Series ISH" rev 0x21 at pci0 dev 19 function 0 not configured
   xhci0 at pci0 dev 20 function 0 "Intel 100 Series xHCI" rev 0x21: msi, xHCI 1.0
   usb0 at xhci0: USB revision 3.0
   uhub0 at usb0 configuration 1 interface 0 "Intel xHCI root hub" rev 3.00/1.00 addr 1
   pchtemp0 at pci0 dev 20 function 2 "Intel 100 Series Thermal" rev 0x21
   "Intel 100 Series MEI" rev 0x21 at pci0 dev 22 function 0 not configured
   ahci0 at pci0 dev 23 function 0 "Intel 100 Series AHCI" rev 0x21: msi, AHCI 1.3.1
   ahci0: port 1: 6.0Gb/s
   scsibus1 at ahci0: 32 targets
   sd0 at scsibus1 targ 1 lun 0: <ATA, SAMSUNG MZNTY128, MAT2> SCSI3 0/direct fixed naa.5002538d00000000
   sd0: 122104MB, 512 bytes/sector, 250069680 sectors, thin
   ppb0 at pci0 dev 28 function 0 "Intel 100 Series PCIE" rev 0xf1: msi
   pci1 at ppb0 bus 2
   rtsx0 at pci1 dev 0 function 0 "Realtek RTS525A Card Reader" rev 0x01: msi
   sdmmc0 at rtsx0: 4-bit, dma
   ppb1 at pci0 dev 28 function 2 "Intel 100 Series PCIE" rev 0xf1: msi
   pci2 at ppb1 bus 4
   iwm0 at pci2 dev 0 function 0 "Intel Dual Band Wireless AC 8260" rev 0x3a, msi
   pcib0 at pci0 dev 31 function 0 "Intel 100 Series LPC" rev 0x21
   "Intel 100 Series PMC" rev 0x21 at pci0 dev 31 function 2 not configured
   azalia0 at pci0 dev 31 function 3 "Intel 100 Series HD Audio" rev 0x21: msi
   azalia0: codecs: Conexant/0x5111, Intel/0x2809, using Conexant/0x5111
   audio0 at azalia0
   ichiic0 at pci0 dev 31 function 4 "Intel 100 Series SMBus" rev 0x21: apic 2 int 16
   iic0 at ichiic0
   em0 at pci0 dev 31 function 6 "Intel I219-V" rev 0x21: msi, address 54:ee:75:c7:59:9b
   isa0 at pcib0
   isadma0 at isa0
   pckbc0 at isa0 port 0x60/5 irq 1 irq 12
   pckbd0 at pckbc0 (kbd slot)
   wskbd0 at pckbd0: console keyboard
   pms0 at pckbc0 (aux slot)
   wsmouse0 at pms0 mux 0
   wsmouse1 at pms0 mux 0
   pms0: Synaptics clickpad, firmware 8.2, 0x1e2b1 0x940300
   pcppi0 at isa0 port 0x61
   spkr0 at pcppi0
   vmm0 at mainbus0: VMX/EPT
   efifb at mainbus0 not configured
   ugen0 at uhub0 port 7 "Intel Bluetooth" rev 2.00/0.01 addr 2
   uvideo0 at uhub0 port 8 configuration 1 interface 0 "Chicony Electronics Co.,Ltd. Integrated Camera" rev 2.00/0.04 addr 3
   video0 at uvideo0
   ugen1 at uhub0 port 9 "Validity Sensors product 0x0090" rev 2.00/1.64 addr 4
   vscsi0 at root
   scsibus2 at vscsi0: 256 targets
   softraid0 at root
   scsibus3 at softraid0: 256 targets
   sd1 at scsibus3 targ 1 lun 0: <OPENBSD, SR CRYPTO, 006> SCSI2 0/direct fixed
   sd1: 122103MB, 512 bytes/sector, 250068065 sectors
   root on sd1a (535eb8b91e6ff774.a) swap on sd1b dump on sd1b
   inteldrm0: 1920x1080, 32bpp
   wsdisplay0 at inteldrm0 mux 1: console (std, vt100 emulation), using wskbd0
   wsdisplay0: screen 1-5 added (std, vt100 emulation)
   iwm0: hw rev 0x200, fw ver 16.242414.0, address f4:8c:50:9d:eb:35
   syncing disks... done
   rebooting...
   OpenBSD 6.5-current (RAMDISK_CD) #17: Sun May 12 01:00:54 MDT 2019
       deraadt@amd64.openbsd.org:/usr/src/sys/arch/amd64/compile/RAMDISK_CD
   real mem = 8304582656 (7919MB)
   avail mem = 8048918528 (7676MB)
   mainbus0 at root
   bios0 at mainbus0: SMBIOS rev. 2.8 @ 0xcf055000 (65 entries)
   bios0: vendor LENOVO version "N1FET64W (1.38 )" date 07/25/2018
   bios0: LENOVO 20FBCTO1WW
   acpi0 at bios0: rev 2
   acpi0: tables DSDT FACP TCPA SSDT SSDT TPM2 UEFI SSDT SSDT ECDT HPET APIC MCFG SSDT SSDT DBGP DBG2 BOOT BATB SSDT SSDT MSDM DMAR ASF! FPDT UEFI
   acpiec0 at acpi0
   acpimadt0 at acpi0 addr 0xfee00000: PC-AT compat
   cpu0 at mainbus0: apid 0 (boot processor)
   cpu0: Intel(R) Core(TM) i5-6200U CPU @ 2.30GHz, 2195.79 MHz, 06-4e-03
   cpu0: FPU,VME,DE,PSE,TSC,MSR,PAE,MCE,CX8,APIC,SEP,MTRR,PGE,MCA,CMOV,PAT,PSE36,CFLUSH,DS,ACPI,MMX,FXSR,SSE,SSE2,SS,HTT,TM,PBE,SSE3,PCLMUL,DTES64,MWAIT,DS-CPL,VMX,EST,TM2,SSSE3,SDBG,FMA3,CX16,xTPR,PDCM,PCID,SSE4.1,SSE4.2,x2APIC,MOVBE,POPCNT,DEADLINE,AES,XSAVE,AVX,F16C,RDRAND,NXE,PAGE1GB,RDTSCP,LONG,LAHF,ABM,3DNOWP,PERF,ITSC,FSGSBASE,SGX,BMI1,AVX2,SMEP,BMI2,ERMS,INVPCID,MPX,RDSEED,ADX,SMAP,CLFLUSHOPT,PT,IBRS,IBPB,STIBP,L1DF,SSBD,SENSOR,ARAT,XSAVEOPT,XSAVEC,XGETBV1,XSAVES,MELTDOWN
   cpu0: 256KB 64b/line 8-way L2 cache
   cpu0: apic clock running at 23MHz
   cpu0: mwait min=64, max=64, C-substates=0.2.1.2.4.1.1.1, IBE
   cpu at mainbus0: not configured
   cpu at mainbus0: not configured
   cpu at mainbus0: not configured
   ioapic0 at mainbus0: apid 2 pa 0xfec00000, version 20, 120 pins
   acpiprt0 at acpi0: bus 0 (PCI0)
   acpiprt1 at acpi0: bus -1 (PEG0)
   acpiprt2 at acpi0: bus -1 (PEG1)
   acpiprt3 at acpi0: bus -1 (PEG2)
   acpiprt4 at acpi0: bus 2 (EXP1)
   acpiprt5 at acpi0: bus 4 (EXP3)
   acpiprt6 at acpi0: bus -1 (EXP5)
   acpiprt7 at acpi0: bus -1 (EXP9)
   acpicpu at acpi0 not configured
   acpipwrres at acpi0 not configured
   acpipwrres at acpi0 not configured
   acpipwrres at acpi0 not configured
   acpipwrres at acpi0 not configured
   acpipwrres at acpi0 not configured
   acpipwrres at acpi0 not configured
   acpitz at acpi0 not configured
   "PNP0C0D" at acpi0 not configured
   "PNP0C0E" at acpi0 not configured
   "PNP0A08" at acpi0 not configured
   acpicmos0 at acpi0
   "PNP0C0A" at acpi0 not configured
   "ACPI0003" at acpi0 not configured
   "LEN0068" at acpi0 not configured
   "PNP0C60" at acpi0 not configured
   "PNP0C14" at acpi0 not configured
   "PNP0C14" at acpi0 not configured
   "PNP0C14" at acpi0 not configured
   "INT0E0C" at acpi0 not configured
   "PNP0C14" at acpi0 not configured
   "MSFT0101" at acpi0 not configured
   pci0 at mainbus0 bus 0
   pchb0 at pci0 dev 0 function 0 "Intel Core 6G Host" rev 0x08
   "Intel HD Graphics 520" rev 0x07 at pci0 dev 2 function 0 not configured
   "Intel Core GMM" rev 0x00 at pci0 dev 8 function 0 not configured
   "Intel 100 Series ISH" rev 0x21 at pci0 dev 19 function 0 not configured
   xhci0 at pci0 dev 20 function 0 "Intel 100 Series xHCI" rev 0x21: msi, xHCI 1.0
   usb0 at xhci0: USB revision 3.0
   uhub0 at usb0 configuration 1 interface 0 "Intel xHCI root hub" rev 3.00/1.00 addr 1
   "Intel 100 Series Thermal" rev 0x21 at pci0 dev 20 function 2 not configured
   "Intel 100 Series MEI" rev 0x21 at pci0 dev 22 function 0 not configured
   ahci0 at pci0 dev 23 function 0 "Intel 100 Series AHCI" rev 0x21: msi, AHCI 1.3.1
   ahci0: port 1: 6.0Gb/s
   scsibus0 at ahci0: 32 targets
   sd0 at scsibus0 targ 1 lun 0: <ATA, SAMSUNG MZNTY128, MAT2> SCSI3 0/direct fixed naa.5002538d00000000
   sd0: 122104MB, 512 bytes/sector, 250069680 sectors, thin
   ppb0 at pci0 dev 28 function 0 "Intel 100 Series PCIE" rev 0xf1: msi
   pci1 at ppb0 bus 2
   rtsx0 at pci1 dev 0 function 0 "Realtek RTS525A Card Reader" rev 0x01: msi
   sdmmc0 at rtsx0: 4-bit, dma
   ppb1 at pci0 dev 28 function 2 "Intel 100 Series PCIE" rev 0xf1: msi
   pci2 at ppb1 bus 4
   iwm0 at pci2 dev 0 function 0 "Intel Dual Band Wireless AC 8260" rev 0x3a, msi
   "Intel 100 Series LPC" rev 0x21 at pci0 dev 31 function 0 not configured
   "Intel 100 Series PMC" rev 0x21 at pci0 dev 31 function 2 not configured
   "Intel 100 Series HD Audio" rev 0x21 at pci0 dev 31 function 3 not configured
   "Intel 100 Series SMBus" rev 0x21 at pci0 dev 31 function 4 not configured
   em0 at pci0 dev 31 function 6 "Intel I219-V" rev 0x21: msi, address 54:ee:75:c7:59:9b
   isa0 at mainbus0
   pckbc0 at isa0 port 0x60/5 irq 1 irq 12
   pckbd0 at pckbc0 (kbd slot)
   wskbd0 at pckbd0: console keyboard
   efifb0 at mainbus0: 1920x1080, 32bpp
   wsdisplay0 at efifb0 mux 1: console (std, vt100 emulation), using wskbd0
   "vendor 0x8087 product 0x0a2b" rev 2.00/0.01 addr 2 at uhub0 port 7 not configured
   "Chicony Electronics Co.,Ltd. Integrated Camera" rev 2.00/0.04 addr 3 at uhub0 port 8 not configured
   "vendor 0x138a product 0x0090" rev 2.00/1.64 addr 4 at uhub0 port 9 not configured
   softraid0 at root
   scsibus1 at softraid0: 256 targets
   sd1 at scsibus1 targ 1 lun 0: <OPENBSD, SR CRYPTO, 006> SCSI2 0/direct fixed
   sd1: 122103MB, 512 bytes/sector, 250068065 sectors
   root on rd0a swap on rd0b dump on rd0b
   iwm0: could not read firmware iwm-8000C-16 (error 2)
   iwm0: failed to load init firmware
   iwm0: hw rev 0x200, fw ver 16.242414.0, address f4:8c:50:9d:eb:35
   syncing disks...
   OpenBSD 6.5-current (GENERIC.MP) #17: Sun May 12 00:53:38 MDT 2019
       deraadt@amd64.openbsd.org:/usr/src/sys/arch/amd64/compile/GENERIC.MP
   real mem = 8304582656 (7919MB)
   avail mem = 8042807296 (7670MB)
   mpath0 at root
   scsibus0 at mpath0: 256 targets
   mainbus0 at root
   bios0 at mainbus0: SMBIOS rev. 2.8 @ 0xcf055000 (65 entries)
   bios0: vendor LENOVO version "N1FET64W (1.38 )" date 07/25/2018
   bios0: LENOVO 20FBCTO1WW
   acpi0 at bios0: rev 2
   acpi0: sleep states S0 S3 S4 S5
   acpi0: tables DSDT FACP TCPA SSDT SSDT TPM2 UEFI SSDT SSDT ECDT HPET APIC MCFG SSDT SSDT DBGP DBG2 BOOT BATB SSDT SSDT MSDM DMAR ASF! FPDT UEFI
   acpi0: wakeup devices LID_(S4) SLPB(S3) IGBE(S4) EXP9(S4) XHCI(S3)
   acpitimer0 at acpi0: 3579545 Hz, 24 bits
   acpiec0 at acpi0
   acpihpet0 at acpi0: 23999999 Hz
   acpimadt0 at acpi0 addr 0xfee00000: PC-AT compat
   cpu0 at mainbus0: apid 0 (boot processor)
   cpu0: Intel(R) Core(TM) i5-6200U CPU @ 2.30GHz, 2195.76 MHz, 06-4e-03
   cpu0: FPU,VME,DE,PSE,TSC,MSR,PAE,MCE,CX8,APIC,SEP,MTRR,PGE,MCA,CMOV,PAT,PSE36,CFLUSH,DS,ACPI,MMX,FXSR,SSE,SSE2,SS,HTT,TM,PBE,SSE3,PCLMUL,DTES64,MWAIT,DS-CPL,VMX,EST,TM2,SSSE3,SDBG,FMA3,CX16,xTPR,PDCM,PCID,SSE4.1,SSE4.2,x2APIC,MOVBE,POPCNT,DEADLINE,AES,XSAVE,AVX,F16C,RDRAND,NXE,PAGE1GB,RDTSCP,LONG,LAHF,ABM,3DNOWP,PERF,ITSC,FSGSBASE,SGX,BMI1,AVX2,SMEP,BMI2,ERMS,INVPCID,MPX,RDSEED,ADX,SMAP,CLFLUSHOPT,PT,IBRS,IBPB,STIBP,L1DF,SSBD,SENSOR,ARAT,XSAVEOPT,XSAVEC,XGETBV1,XSAVES,MELTDOWN
   cpu0: 256KB 64b/line 8-way L2 cache
   cpu0: smt 0, core 0, package 0
   mtrr: Pentium Pro MTRR support, 10 var ranges, 88 fixed ranges
   cpu0: apic clock running at 24MHz
   cpu0: mwait min=64, max=64, C-substates=0.2.1.2.4.1.1.1, IBE
   cpu1 at mainbus0: apid 2 (application processor)
   cpu1: Intel(R) Core(TM) i5-6200U CPU @ 2.30GHz, 2194.90 MHz, 06-4e-03
   cpu1: FPU,VME,DE,PSE,TSC,MSR,PAE,MCE,CX8,APIC,SEP,MTRR,PGE,MCA,CMOV,PAT,PSE36,CFLUSH,DS,ACPI,MMX,FXSR,SSE,SSE2,SS,HTT,TM,PBE,SSE3,PCLMUL,DTES64,MWAIT,DS-CPL,VMX,EST,TM2,SSSE3,SDBG,FMA3,CX16,xTPR,PDCM,PCID,SSE4.1,SSE4.2,x2APIC,MOVBE,POPCNT,DEADLINE,AES,XSAVE,AVX,F16C,RDRAND,NXE,PAGE1GB,RDTSCP,LONG,LAHF,ABM,3DNOWP,PERF,ITSC,FSGSBASE,SGX,BMI1,AVX2,SMEP,BMI2,ERMS,INVPCID,MPX,RDSEED,ADX,SMAP,CLFLUSHOPT,PT,IBRS,IBPB,STIBP,L1DF,SSBD,SENSOR,ARAT,XSAVEOPT,XSAVEC,XGETBV1,XSAVES,MELTDOWN
   cpu1: 256KB 64b/line 8-way L2 cache
   cpu1: smt 0, core 1, package 0
   cpu2 at mainbus0: apid 1 (application processor)
   cpu2: Intel(R) Core(TM) i5-6200U CPU @ 2.30GHz, 2194.90 MHz, 06-4e-03
   cpu2: FPU,VME,DE,PSE,TSC,MSR,PAE,MCE,CX8,APIC,SEP,MTRR,PGE,MCA,CMOV,PAT,PSE36,CFLUSH,DS,ACPI,MMX,FXSR,SSE,SSE2,SS,HTT,TM,PBE,SSE3,PCLMUL,DTES64,MWAIT,DS-CPL,VMX,EST,TM2,SSSE3,SDBG,FMA3,CX16,xTPR,PDCM,PCID,SSE4.1,SSE4.2,x2APIC,MOVBE,POPCNT,DEADLINE,AES,XSAVE,AVX,F16C,RDRAND,NXE,PAGE1GB,RDTSCP,LONG,LAHF,ABM,3DNOWP,PERF,ITSC,FSGSBASE,SGX,BMI1,AVX2,SMEP,BMI2,ERMS,INVPCID,MPX,RDSEED,ADX,SMAP,CLFLUSHOPT,PT,IBRS,IBPB,STIBP,L1DF,SSBD,SENSOR,ARAT,XSAVEOPT,XSAVEC,XGETBV1,XSAVES,MELTDOWN
   cpu2: 256KB 64b/line 8-way L2 cache
   cpu2: smt 1, core 0, package 0
   cpu3 at mainbus0: apid 3 (application processor)
   cpu3: Intel(R) Core(TM) i5-6200U CPU @ 2.30GHz, 2194.90 MHz, 06-4e-03
   cpu3: FPU,VME,DE,PSE,TSC,MSR,PAE,MCE,CX8,APIC,SEP,MTRR,PGE,MCA,CMOV,PAT,PSE36,CFLUSH,DS,ACPI,MMX,FXSR,SSE,SSE2,SS,HTT,TM,PBE,SSE3,PCLMUL,DTES64,MWAIT,DS-CPL,VMX,EST,TM2,SSSE3,SDBG,FMA3,CX16,xTPR,PDCM,PCID,SSE4.1,SSE4.2,x2APIC,MOVBE,POPCNT,DEADLINE,AES,XSAVE,AVX,F16C,RDRAND,NXE,PAGE1GB,RDTSCP,LONG,LAHF,ABM,3DNOWP,PERF,ITSC,FSGSBASE,SGX,BMI1,AVX2,SMEP,BMI2,ERMS,INVPCID,MPX,RDSEED,ADX,SMAP,CLFLUSHOPT,PT,IBRS,IBPB,STIBP,L1DF,SSBD,SENSOR,ARAT,XSAVEOPT,XSAVEC,XGETBV1,XSAVES,MELTDOWN
   cpu3: 256KB 64b/line 8-way L2 cache
   cpu3: smt 1, core 1, package 0
   ioapic0 at mainbus0: apid 2 pa 0xfec00000, version 20, 120 pins
   acpimcfg0 at acpi0
   acpimcfg0: addr 0xf8000000, bus 0-63
   acpiprt0 at acpi0: bus 0 (PCI0)
   acpiprt1 at acpi0: bus -1 (PEG0)
   acpiprt2 at acpi0: bus -1 (PEG1)
   acpiprt3 at acpi0: bus -1 (PEG2)
   acpiprt4 at acpi0: bus 2 (EXP1)
   acpiprt5 at acpi0: bus 4 (EXP3)
   acpiprt6 at acpi0: bus -1 (EXP5)
   acpiprt7 at acpi0: bus -1 (EXP9)
   acpicpu0 at acpi0: C3(200@1034 mwait.1@0x60), C2(200@151 mwait.1@0x33), C1(1000@1 mwait.1), PSS
   acpicpu1 at acpi0: C3(200@1034 mwait.1@0x60), C2(200@151 mwait.1@0x33), C1(1000@1 mwait.1), PSS
   acpicpu2 at acpi0: C3(200@1034 mwait.1@0x60), C2(200@151 mwait.1@0x33), C1(1000@1 mwait.1), PSS
   acpicpu3 at acpi0: C3(200@1034 mwait.1@0x60), C2(200@151 mwait.1@0x33), C1(1000@1 mwait.1), PSS
   acpipwrres0 at acpi0: PUBS, resource for XHCI
   acpipwrres1 at acpi0: PG00, resource for PEG0
   acpipwrres2 at acpi0: PG01, resource for PEG1
   acpipwrres3 at acpi0: PG02, resource for PEG2
   acpipwrres4 at acpi0: WRST
   acpipwrres5 at acpi0: WRST
   acpitz0 at acpi0: critical temperature is 128 degC
   acpibtn0 at acpi0: LID_
   acpibtn1 at acpi0: SLPB
   acpipci0 at acpi0 PCI0: 0x00000000 0x00000011 0x00000001
   acpicmos0 at acpi0
   acpibat0 at acpi0: BAT0 model "00HW029" serial  4313 type LiP oem "SMP"
   acpiac0 at acpi0: AC unit online
   acpithinkpad0 at acpi0
   "PNP0C60" at acpi0 not configured
   "PNP0C14" at acpi0 not configured
   "PNP0C14" at acpi0 not configured
   "PNP0C14" at acpi0 not configured
   "INT0E0C" at acpi0 not configured
   "PNP0C14" at acpi0 not configured
   "MSFT0101" at acpi0 not configured
   acpivideo0 at acpi0: GFX0
   acpivout at acpivideo0 not configured
   cpu0: Enhanced SpeedStep 2195 MHz: speeds: 2301, 2300, 2200, 2100, 2000, 1800, 1700, 1500, 1400, 1300, 1100, 1000, 800, 700, 500, 400 MHz
   pci0 at mainbus0 bus 0
   pchb0 at pci0 dev 0 function 0 "Intel Core 6G Host" rev 0x08
   inteldrm0 at pci0 dev 2 function 0 "Intel HD Graphics 520" rev 0x07
   drm0 at inteldrm0
   inteldrm0: msi
   "Intel Core GMM" rev 0x00 at pci0 dev 8 function 0 not configured
   "Intel 100 Series ISH" rev 0x21 at pci0 dev 19 function 0 not configured
   xhci0 at pci0 dev 20 function 0 "Intel 100 Series xHCI" rev 0x21: msi, xHCI 1.0
   usb0 at xhci0: USB revision 3.0
   uhub0 at usb0 configuration 1 interface 0 "Intel xHCI root hub" rev 3.00/1.00 addr 1
   pchtemp0 at pci0 dev 20 function 2 "Intel 100 Series Thermal" rev 0x21
   "Intel 100 Series MEI" rev 0x21 at pci0 dev 22 function 0 not configured
   ahci0 at pci0 dev 23 function 0 "Intel 100 Series AHCI" rev 0x21: msi, AHCI 1.3.1
   ahci0: port 1: 6.0Gb/s
   scsibus1 at ahci0: 32 targets
   sd0 at scsibus1 targ 1 lun 0: <ATA, SAMSUNG MZNTY128, MAT2> SCSI3 0/direct fixed naa.5002538d00000000
   sd0: 122104MB, 512 bytes/sector, 250069680 sectors, thin
   ppb0 at pci0 dev 28 function 0 "Intel 100 Series PCIE" rev 0xf1: msi
   pci1 at ppb0 bus 2
   rtsx0 at pci1 dev 0 function 0 "Realtek RTS525A Card Reader" rev 0x01: msi
   sdmmc0 at rtsx0: 4-bit, dma
   ppb1 at pci0 dev 28 function 2 "Intel 100 Series PCIE" rev 0xf1: msi
   pci2 at ppb1 bus 4
   iwm0 at pci2 dev 0 function 0 "Intel Dual Band Wireless AC 8260" rev 0x3a, msi
   pcib0 at pci0 dev 31 function 0 "Intel 100 Series LPC" rev 0x21
   "Intel 100 Series PMC" rev 0x21 at pci0 dev 31 function 2 not configured
   azalia0 at pci0 dev 31 function 3 "Intel 100 Series HD Audio" rev 0x21: msi
   azalia0: codecs: Conexant/0x5111, Intel/0x2809, using Conexant/0x5111
   free with zero size: (2)
   free with zero size: (2)
   free with zero size: (2)
   free with zero size: (2)
   audio0 at azalia0
   ichiic0 at pci0 dev 31 function 4 "Intel 100 Series SMBus" rev 0x21: apic 2 int 16
   iic0 at ichiic0
   em0 at pci0 dev 31 function 6 "Intel I219-V" rev 0x21: msi, address 54:ee:75:c7:59:9b
   isa0 at pcib0
   isadma0 at isa0
   pckbc0 at isa0 port 0x60/5 irq 1 irq 12
   pckbd0 at pckbc0 (kbd slot)
   wskbd0 at pckbd0: console keyboard
   pms0 at pckbc0 (aux slot)
   wsmouse0 at pms0 mux 0
   wsmouse1 at pms0 mux 0
   pms0: Synaptics clickpad, firmware 8.2, 0x1e2b1 0x940300
   pcppi0 at isa0 port 0x61
   spkr0 at pcppi0
   vmm0 at mainbus0: VMX/EPT
   efifb at mainbus0 not configured
   ugen0 at uhub0 port 7 "Intel Bluetooth" rev 2.00/0.01 addr 2
   uvideo0 at uhub0 port 8 configuration 1 interface 0 "Chicony Electronics Co.,Ltd. Integrated Camera" rev 2.00/0.04 addr 3
   video0 at uvideo0
   ugen1 at uhub0 port 9 "Validity Sensors product 0x0090" rev 2.00/1.64 addr 4
   vscsi0 at root
   scsibus2 at vscsi0: 256 targets
   softraid0 at root
   scsibus3 at softraid0: 256 targets
   sd1 at scsibus3 targ 1 lun 0: <OPENBSD, SR CRYPTO, 006> SCSI2 0/direct fixed
   sd1: 122103MB, 512 bytes/sector, 250068065 sectors
   free with zero size: (2)
   root on sd1a (535eb8b91e6ff774.a) swap on sd1b dump on sd1b
   inteldrm0: 1920x1080, 32bpp
   wsdisplay0 at inteldrm0 mux 1: console (std, vt100 emulation), using wskbd0
   wsdisplay0: screen 1-5 added (std, vt100 emulation)
   iwm0: hw rev 0x200, fw ver 16.242414.0, address f4:8c:50:9d:eb:35
   ugen0 detached
   video0 detached
   uvideo0 detached
   ugen1 detached
   uhub0 detached
   uhub0 at usb0 configuration 1 interface 0 "Intel xHCI root hub" rev 3.00/1.00 addr 1
   ugen0 at uhub0 port 7 "Intel Bluetooth" rev 2.00/0.01 addr 2
   uvideo0 at uhub0 port 8 configuration 1 interface 0 "Chicony Electronics Co.,Ltd. Integrated Camera" rev 2.00/0.04 addr 3
   video0 at uvideo0
   ugen1 at uhub0 port 9 "Validity Sensors product 0x0090" rev 2.00/1.64 addr 4
   ugen0 detached
   video0 detached
   uvideo0 detached
   ugen1 detached
   uhub0 detached
   uhub0 at usb0 configuration 1 interface 0 "Intel xHCI root hub" rev 3.00/1.00 addr 1
   ugen0 at uhub0 port 7 "Intel Bluetooth" rev 2.00/0.01 addr 2
   uvideo0 at uhub0 port 8 configuration 1 interface 0 "Chicony Electronics Co.,Ltd. Integrated Camera" rev 2.00/0.04 addr 3
   video0 at uvideo0
   ugen1 at uhub0 port 9 "Validity Sensors product 0x0090" rev 2.00/1.64 addr 4
   ugen0 detached
   video0 detached
   uvideo0 detached
   ugen1 detached
   uhub0 detached
   uhub0 at usb0 configuration 1 interface 0 "Intel xHCI root hub" rev 3.00/1.00 addr 1
   ugen0 at uhub0 port 7 "Intel Bluetooth" rev 2.00/0.01 addr 2
   uvideo0 at uhub0 port 8 configuration 1 interface 0 "Chicony Electronics Co.,Ltd. Integrated Camera" rev 2.00/0.04 addr 3
   video0 at uvideo0
   ugen1 at uhub0 port 9 "Validity Sensors product 0x0090" rev 2.00/1.64 addr 4
   ugen0 detached
   video0 detached
   uvideo0 detached
   ugen1 detached
   uhub0 detached
   uhub0 at usb0 configuration 1 interface 0 "Intel xHCI root hub" rev 3.00/1.00 addr 1
   ugen0 at uhub0 port 7 "Intel Bluetooth" rev 2.00/0.01 addr 2
   uvideo0 at uhub0 port 8 configuration 1 interface 0 "Chicony Electronics Co.,Ltd. Integrated Camera" rev 2.00/0.04 addr 3
   video0 at uvideo0
   ugen1 at uhub0 port 9 "Validity Sensors product 0x0090" rev 2.00/1.64 addr 4
   ugen0 detached
   video0 detached
   uvideo0 detached
   ugen1 detached
   uhub0 detached
   uhub0 at usb0 configuration 1 interface 0 "Intel xHCI root hub" rev 3.00/1.00 addr 1
   ugen0 at uhub0 port 7 "Intel Bluetooth" rev 2.00/0.01 addr 2
   uvideo0 at uhub0 port 8 configuration 1 interface 0 "Chicony Electronics Co.,Ltd. Integrated Camera" rev 2.00/0.04 addr 3
   video0 at uvideo0
   ugen1 at uhub0 port 9 "Validity Sensors product 0x0090" rev 2.00/1.64 addr 4
   ugen0 detached
   video0 detached
   uvideo0 detached
   ugen1 detached
   uhub0 detached
   uhub0 at usb0 configuration 1 interface 0 "Intel xHCI root hub" rev 3.00/1.00 addr 1
   ugen0 at uhub0 port 7 "Intel Bluetooth" rev 2.00/0.01 addr 2
   uvideo0 at uhub0 port 8 configuration 1 interface 0 "Chicony Electronics Co.,Ltd. Integrated Camera" rev 2.00/0.04 addr 3
   video0 at uvideo0
   ugen1 at uhub0 port 9 "Validity Sensors product 0x0090" rev 2.00/1.64 addr 4
   ugen0 detached
   video0 detached
   uvideo0 detached
   ugen1 detached
   uhub0 detached
   uhub0 at usb0 configuration 1 interface 0 "Intel xHCI root hub" rev 3.00/1.00 addr 1
   ugen0 at uhub0 port 7 "Intel Bluetooth" rev 2.00/0.01 addr 2
   uvideo0 at uhub0 port 8 configuration 1 interface 0 "Chicony Electronics Co.,Ltd. Integrated Camera" rev 2.00/0.04 addr 3
   video0 at uvideo0
   ugen1 at uhub0 port 9 "Validity Sensors product 0x0090" rev 2.00/1.64 addr 4
   ugen0 detached
   video0 detached
   uvideo0 detached
   ugen1 detached
   uhub0 detached
   uhub0 at usb0 configuration 1 interface 0 "Intel xHCI root hub" rev 3.00/1.00 addr 1
   ugen0 at uhub0 port 7 "Intel Bluetooth" rev 2.00/0.01 addr 2
   uvideo0 at uhub0 port 8 configuration 1 interface 0 "Chicony Electronics Co.,Ltd. Integrated Camera" rev 2.00/0.04 addr 3
   video0 at uvideo0
   ugen1 at uhub0 port 9 "Validity Sensors product 0x0090" rev 2.00/1.64 addr 4
   syncing disks... done
   rebo
   OpenBSD 6.5-current (RAMDISK_CD) #30: Sat May 18 11:47:25 MDT 2019
       deraadt@amd64.openbsd.org:/usr/src/sys/arch/amd64/compile/RAMDISK_CD
   real mem = 8304582656 (7919MB)
   avail mem = 8048918528 (7676MB)
   mainbus0 at root
   bios0 at mainbus0: SMBIOS rev. 2.8 @ 0xcf055000 (65 entries)
   bios0: vendor LENOVO version "N1FET64W (1.38 )" date 07/25/2018
   bios0: LENOVO 20FBCTO1WW
   acpi0 at bios0: rev 2
   acpi0: tables DSDT FACP TCPA SSDT SSDT TPM2 UEFI SSDT SSDT ECDT HPET APIC MCFG SSDT SSDT DBGP DBG2 BOOT BATB SSDT SSDT MSDM DMAR ASF! FPDT UEFI
   acpiec0 at acpi0
   acpimadt0 at acpi0 addr 0xfee00000: PC-AT compat
   cpu0 at mainbus0: apid 0 (boot processor)
   cpu0: Intel(R) Core(TM) i5-6200U CPU @ 2.30GHz, 1097.90 MHz, 06-4e-03
   cpu0: FPU,VME,DE,PSE,TSC,MSR,PAE,MCE,CX8,APIC,SEP,MTRR,PGE,MCA,CMOV,PAT,PSE36,CFLUSH,DS,ACPI,MMX,FXSR,SSE,SSE2,SS,HTT,TM,PBE,SSE3,PCLMUL,DTES64,MWAIT,DS-CPL,VMX,EST,TM2,SSSE3,SDBG,FMA3,CX16,xTPR,PDCM,PCID,SSE4.1,SSE4.2,x2APIC,MOVBE,POPCNT,DEADLINE,AES,XSAVE,AVX,F16C,RDRAND,NXE,PAGE1GB,RDTSCP,LONG,LAHF,ABM,3DNOWP,PERF,ITSC,FSGSBASE,SGX,BMI1,AVX2,SMEP,BMI2,ERMS,INVPCID,MPX,RDSEED,ADX,SMAP,CLFLUSHOPT,PT,IBRS,IBPB,STIBP,L1DF,SSBD,SENSOR,ARAT,XSAVEOPT,XSAVEC,XGETBV1,XSAVES,MELTDOWN
   cpu0: 256KB 64b/line 8-way L2 cache
   cpu0: apic clock running at 23MHz
   cpu0: mwait min=64, max=64, C-substates=0.2.1.2.4.1.1.1, IBE
   cpu at mainbus0: not configured
   cpu at mainbus0: not configured
   cpu at mainbus0: not configured
   ioapic0 at mainbus0: apid 2 pa 0xfec00000, version 20, 120 pins
   acpiprt0 at acpi0: bus 0 (PCI0)
   acpiprt1 at acpi0: bus -1 (PEG0)
   acpiprt2 at acpi0: bus -1 (PEG1)
   acpiprt3 at acpi0: bus -1 (PEG2)
   acpiprt4 at acpi0: bus 2 (EXP1)
   acpiprt5 at acpi0: bus 4 (EXP3)
   acpiprt6 at acpi0: bus -1 (EXP5)
   acpiprt7 at acpi0: bus -1 (EXP9)
   acpicpu at acpi0 not configured
   acpipwrres at acpi0 not configured
   acpipwrres at acpi0 not configured
   acpipwrres at acpi0 not configured
   acpipwrres at acpi0 not configured
   acpipwrres at acpi0 not configured
   acpipwrres at acpi0 not configured
   acpitz at acpi0 not configured
   "PNP0C0D" at acpi0 not configured
   "PNP0C0E" at acpi0 not configured
   "PNP0A08" at acpi0 not configured
   acpicmos0 at acpi0
   "PNP0C0A" at acpi0 not configured
   "ACPI0003" at acpi0 not configured
   "LEN0068" at acpi0 not configured
   "PNP0C60" at acpi0 not configured
   "PNP0C14" at acpi0 not configured
   "PNP0C14" at acpi0 not configured
   "PNP0C14" at acpi0 not configured
   "INT0E0C" at acpi0 not configured
   "PNP0C14" at acpi0 not configured
   "MSFT0101" at acpi0 not configured
   cpu0: using Skylake AVX MDS workaround
   pci0 at mainbus0 bus 0
   pchb0 at pci0 dev 0 function 0 "Intel Core 6G Host" rev 0x08
   "Intel HD Graphics 520" rev 0x07 at pci0 dev 2 function 0 not configured
   "Intel Core GMM" rev 0x00 at pci0 dev 8 function 0 not configured
   "Intel 100 Series ISH" rev 0x21 at pci0 dev 19 function 0 not configured
   xhci0 at pci0 dev 20 function 0 "Intel 100 Series xHCI" rev 0x21: msi, xHCI 1.0
   usb0 at xhci0: USB revision 3.0
   uhub0 at usb0 configuration 1 interface 0 "Intel xHCI root hub" rev 3.00/1.00 addr 1
   "Intel 100 Series Thermal" rev 0x21 at pci0 dev 20 function 2 not configured
   "Intel 100 Series MEI" rev 0x21 at pci0 dev 22 function 0 not configured
   ahci0 at pci0 dev 23 function 0 "Intel 100 Series AHCI" rev 0x21: msi, AHCI 1.3.1
   ahci0: port 1: 6.0Gb/s
   scsibus0 at ahci0: 32 targets
   sd0 at scsibus0 targ 1 lun 0: <ATA, SAMSUNG MZNTY128, MAT2> SCSI3 0/direct fixed naa.5002538d00000000
   sd0: 122104MB, 512 bytes/sector, 250069680 sectors, thin
   ppb0 at pci0 dev 28 function 0 "Intel 100 Series PCIE" rev 0xf1: msi
   pci1 at ppb0 bus 2
   rtsx0 at pci1 dev 0 function 0 "Realtek RTS525A Card Reader" rev 0x01: msi
   rtsx0: can't initialize chip
   ppb1 at pci0 dev 28 function 2 "Intel 100 Series PCIE" rev 0xf1: msi
   pci2 at ppb1 bus 4
   iwm0 at pci2 dev 0 function 0 "Intel Dual Band Wireless AC 8260" rev 0x3a, msi
   "Intel 100 Series LPC" rev 0x21 at pci0 dev 31 function 0 not configured
   "Intel 100 Series PMC" rev 0x21 at pci0 dev 31 function 2 not configured
   "Intel 100 Series HD Audio" rev 0x21 at pci0 dev 31 function 3 not configured
   "Intel 100 Series SMBus" rev 0x21 at pci0 dev 31 function 4 not configured
   em0 at pci0 dev 31 function 6 "Intel I219-V" rev 0x21: msi, address 54:ee:75:c7:59:9b
   isa0 at mainbus0
   pckbc0 at isa0 port 0x60/5 irq 1 irq 12
   pckbd0 at pckbc0 (kbd slot)
   wskbd0 at pckbd0: console keyboard
   efifb0 at mainbus0: 1920x1080, 32bpp
   wsdisplay0 at efifb0 mux 1: console (std, vt100 emulation), using wskbd0
   "vendor 0x8087 product 0x0a2b" rev 2.00/0.01 addr 2 at uhub0 port 7 not configured
   "Chicony Electronics Co.,Ltd. Integrated Camera" rev 2.00/0.04 addr 3 at uhub0 port 8 not configured
   "vendor 0x138a product 0x0090" rev 2.00/1.64 addr 4 at uhub0 port 9 not configured
   softraid0 at root
   scsibus1 at softraid0: 256 targets
   sd1 at scsibus1 targ 1 lun 0: <OPENBSD, SR CRYPTO, 006> SCSI2 0/direct fixed
   sd1: 122103MB, 512 bytes/sector, 250068065 sectors
   root on rd0a swap on rd0b dump on rd0b
   iwm0: could not read firmware iwm-8000C-16 (error 2)
   iwm0: failed to load init firmware
   iwm0: hw rev 0x200, fw ver 16.242414.0, address f4:8c:50:9d:eb:35
   OpenBSD 6.5-current (GENERIC.MP) #17: Sun May 12 00:53:38 MDT 2019
       deraadt@amd64.openbsd.org:/usr/src/sys/arch/amd64/compile/GENERIC.MP
   real mem = 8304582656 (7919MB)
   avail mem = 8042795008 (7670MB)
   mpath0 at root
   scsibus0 at mpath0: 256 targets
   mainbus0 at root
   bios0 at mainbus0: SMBIOS rev. 2.8 @ 0xcf055000 (65 entries)
   bios0: vendor LENOVO version "N1FET64W (1.38 )" date 07/25/2018
   bios0: LENOVO 20FBCTO1WW
   acpi0 at bios0: rev 2
   acpi0: sleep states S0 S3 S4 S5
   acpi0: tables DSDT FACP TCPA SSDT SSDT TPM2 UEFI SSDT SSDT ECDT HPET APIC MCFG SSDT SSDT DBGP DBG2 BOOT BATB SSDT SSDT MSDM DMAR ASF! FPDT UEFI
   acpi0: wakeup devices LID_(S4) SLPB(S3) IGBE(S4) EXP9(S4) XHCI(S3)
   acpitimer0 at acpi0: 3579545 Hz, 24 bits
   acpiec0 at acpi0
   acpihpet0 at acpi0: 23999999 Hz
   acpimadt0 at acpi0 addr 0xfee00000: PC-AT compat
   cpu0 at mainbus0: apid 0 (boot processor)
   cpu0: Intel(R) Core(TM) i5-6200U CPU @ 2.30GHz, 1097.90 MHz, 06-4e-03
   cpu0: FPU,VME,DE,PSE,TSC,MSR,PAE,MCE,CX8,APIC,SEP,MTRR,PGE,MCA,CMOV,PAT,PSE36,CFLUSH,DS,ACPI,MMX,FXSR,SSE,SSE2,SS,HTT,TM,PBE,SSE3,PCLMUL,DTES64,MWAIT,DS-CPL,VMX,EST,TM2,SSSE3,SDBG,FMA3,CX16,xTPR,PDCM,PCID,SSE4.1,SSE4.2,x2APIC,MOVBE,POPCNT,DEADLINE,AES,XSAVE,AVX,F16C,RDRAND,NXE,PAGE1GB,RDTSCP,LONG,LAHF,ABM,3DNOWP,PERF,ITSC,FSGSBASE,SGX,BMI1,AVX2,SMEP,BMI2,ERMS,INVPCID,MPX,RDSEED,ADX,SMAP,CLFLUSHOPT,PT,IBRS,IBPB,STIBP,L1DF,SSBD,SENSOR,ARAT,XSAVEOPT,XSAVEC,XGETBV1,XSAVES,MELTDOWN
   cpu0: 256KB 64b/line 8-way L2 cache
   cpu0: smt 0, core 0, package 0
   mtrr: Pentium Pro MTRR support, 10 var ranges, 88 fixed ranges
   cpu0: apic clock running at 23MHz
   cpu0: mwait min=64, max=64, C-substates=0.2.1.2.4.1.1.1, IBE
   cpu1 at mainbus0: apid 2 (application processor)
   cpu1: Intel(R) Core(TM) i5-6200U CPU @ 2.30GHz, 925.62 MHz, 06-4e-03
   cpu1: FPU,VME,DE,PSE,TSC,MSR,PAE,MCE,CX8,APIC,SEP,MTRR,PGE,MCA,CMOV,PAT,PSE36,CFLUSH,DS,ACPI,MMX,FXSR,SSE,SSE2,SS,HTT,TM,PBE,SSE3,PCLMUL,DTES64,MWAIT,DS-CPL,VMX,EST,TM2,SSSE3,SDBG,FMA3,CX16,xTPR,PDCM,PCID,SSE4.1,SSE4.2,x2APIC,MOVBE,POPCNT,DEADLINE,AES,XSAVE,AVX,F16C,RDRAND,NXE,PAGE1GB,RDTSCP,LONG,LAHF,ABM,3DNOWP,PERF,ITSC,FSGSBASE,SGX,BMI1,AVX2,SMEP,BMI2,ERMS,INVPCID,MPX,RDSEED,ADX,SMAP,CLFLUSHOPT,PT,IBRS,IBPB,STIBP,L1DF,SSBD,SENSOR,ARAT,XSAVEOPT,XSAVEC,XGETBV1,XSAVES,MELTDOWN
   cpu1: 256KB 64b/line 8-way L2 cache
   cpu1: smt 0, core 1, package 0
   cpu2 at mainbus0: apid 1 (application processor)
   cpu2: Intel(R) Core(TM) i5-6200U CPU @ 2.30GHz, 897.91 MHz, 06-4e-03
   cpu2: FPU,VME,DE,PSE,TSC,MSR,PAE,MCE,CX8,APIC,SEP,MTRR,PGE,MCA,CMOV,PAT,PSE36,CFLUSH,DS,ACPI,MMX,FXSR,SSE,SSE2,SS,HTT,TM,PBE,SSE3,PCLMUL,DTES64,MWAIT,DS-CPL,VMX,EST,TM2,SSSE3,SDBG,FMA3,CX16,xTPR,PDCM,PCID,SSE4.1,SSE4.2,x2APIC,MOVBE,POPCNT,DEADLINE,AES,XSAVE,AVX,F16C,RDRAND,NXE,PAGE1GB,RDTSCP,LONG,LAHF,ABM,3DNOWP,PERF,ITSC,FSGSBASE,SGX,BMI1,AVX2,SMEP,BMI2,ERMS,INVPCID,MPX,RDSEED,ADX,SMAP,CLFLUSHOPT,PT,IBRS,IBPB,STIBP,L1DF,SSBD,SENSOR,ARAT,XSAVEOPT,XSAVEC,XGETBV1,XSAVES,MELTDOWN
   cpu2: 256KB 64b/line 8-way L2 cache
   cpu2: smt 1, core 0, package 0
   cpu3 at mainbus0: apid 3 (application processor)
   cpu3: Intel(R) Core(TM) i5-6200U CPU @ 2.30GHz, 897.91 MHz, 06-4e-03
   cpu3: FPU,VME,DE,PSE,TSC,MSR,PAE,MCE,CX8,APIC,SEP,MTRR,PGE,MCA,CMOV,PAT,PSE36,CFLUSH,DS,ACPI,MMX,FXSR,SSE,SSE2,SS,HTT,TM,PBE,SSE3,PCLMUL,DTES64,MWAIT,DS-CPL,VMX,EST,TM2,SSSE3,SDBG,FMA3,CX16,xTPR,PDCM,PCID,SSE4.1,SSE4.2,x2APIC,MOVBE,POPCNT,DEADLINE,AES,XSAVE,AVX,F16C,RDRAND,NXE,PAGE1GB,RDTSCP,LONG,LAHF,ABM,3DNOWP,PERF,ITSC,FSGSBASE,SGX,BMI1,AVX2,SMEP,BMI2,ERMS,INVPCID,MPX,RDSEED,ADX,SMAP,CLFLUSHOPT,PT,IBRS,IBPB,STIBP,L1DF,SSBD,SENSOR,ARAT,XSAVEOPT,XSAVEC,XGETBV1,XSAVES,MELTDOWN
   cpu3: 256KB 64b/line 8-way L2 cache
   cpu3: smt 1, core 1, package 0
   ioapic0 at mainbus0: apid 2 pa 0xfec00000, version 20, 120 pins
   acpimcfg0 at acpi0
   acpimcfg0: addr 0xf8000000, bus 0-63
   acpiprt0 at acpi0: bus 0 (PCI0)
   acpiprt1 at acpi0: bus -1 (PEG0)
   acpiprt2 at acpi0: bus -1 (PEG1)
   acpiprt3 at acpi0: bus -1 (PEG2)
   acpiprt4 at acpi0: bus 2 (EXP1)
   acpiprt5 at acpi0: bus 4 (EXP3)
   acpiprt6 at acpi0: bus -1 (EXP5)
   acpiprt7 at acpi0: bus -1 (EXP9)
   acpicpu0 at acpi0: C3(200@1034 mwait.1@0x60), C2(200@151 mwait.1@0x33), C1(1000@1 mwait.1), PSS
   acpicpu1 at acpi0: C3(200@1034 mwait.1@0x60), C2(200@151 mwait.1@0x33), C1(1000@1 mwait.1), PSS
   acpicpu2 at acpi0: C3(200@1034 mwait.1@0x60), C2(200@151 mwait.1@0x33), C1(1000@1 mwait.1), PSS
   acpicpu3 at acpi0: C3(200@1034 mwait.1@0x60), C2(200@151 mwait.1@0x33), C1(1000@1 mwait.1), PSS
   acpipwrres0 at acpi0: PUBS, resource for XHCI
   acpipwrres1 at acpi0: PG00, resource for PEG0
   acpipwrres2 at acpi0: PG01, resource for PEG1
   acpipwrres3 at acpi0: PG02, resource for PEG2
   acpipwrres4 at acpi0: WRST
   acpipwrres5 at acpi0: WRST
   acpitz0 at acpi0: critical temperature is 128 degC
   acpibtn0 at acpi0: LID_
   acpibtn1 at acpi0: SLPB
   acpipci0 at acpi0 PCI0: 0x00000000 0x00000011 0x00000001
   acpicmos0 at acpi0
   acpibat0 at acpi0: BAT0 model "00HW029" serial  4313 type LiP oem "SMP"
   acpiac0 at acpi0: AC unit offline
   acpithinkpad0 at acpi0
   "PNP0C60" at acpi0 not configured
   "PNP0C14" at acpi0 not configured
   "PNP0C14" at acpi0 not configured
   "PNP0C14" at acpi0 not configured
   "INT0E0C" at acpi0 not configured
   "PNP0C14" at acpi0 not configured
   "MSFT0101" at acpi0 not configured
   acpivideo0 at acpi0: GFX0
   acpivout at acpivideo0 not configured
   cpu0: Enhanced SpeedStep 1097 MHz: speeds: 2301, 2300, 2200, 2100, 2000, 1800, 1700, 1500, 1400, 1300, 1100, 1000, 800, 700, 500, 400 MHz
   pci0 at mainbus0 bus 0
   pchb0 at pci0 dev 0 function 0 "Intel Core 6G Host" rev 0x08
   inteldrm0 at pci0 dev 2 function 0 "Intel HD Graphics 520" rev 0x07
   drm0 at inteldrm0
   inteldrm0: msi
   "Intel Core GMM" rev 0x00 at pci0 dev 8 function 0 not configured
   "Intel 100 Series ISH" rev 0x21 at pci0 dev 19 function 0 not configured
   xhci0 at pci0 dev 20 function 0 "Intel 100 Series xHCI" rev 0x21: msi, xHCI 1.0
   usb0 at xhci0: USB revision 3.0
   uhub0 at usb0 configuration 1 interface 0 "Intel xHCI root hub" rev 3.00/1.00 addr 1
   pchtemp0 at pci0 dev 20 function 2 "Intel 100 Series Thermal" rev 0x21
   "Intel 100 Series MEI" rev 0x21 at pci0 dev 22 function 0 not configured
   ahci0 at pci0 dev 23 function 0 "Intel 100 Series AHCI" rev 0x21: msi, AHCI 1.3.1
   ahci0: port 1: 6.0Gb/s
   scsibus1 at ahci0: 32 targets
   sd0 at scsibus1 targ 1 lun 0: <ATA, SAMSUNG MZNTY128, MAT2> SCSI3 0/direct fixed naa.5002538d00000000
   sd0: 122104MB, 512 bytes/sector, 250069680 sectors, thin
   ppb0 at pci0 dev 28 function 0 "Intel 100 Series PCIE" rev 0xf1: msi
   pci1 at ppb0 bus 2
   rtsx0 at pci1 dev 0 function 0 "Realtek RTS525A Card Reader" rev 0x01: msi
   sdmmc0 at rtsx0: 4-bit, dma
   ppb1 at pci0 dev 28 function 2 "Intel 100 Series PCIE" rev 0xf1: msi
   pci2 at ppb1 bus 4
   iwm0 at pci2 dev 0 function 0 "Intel Dual Band Wireless AC 8260" rev 0x3a, msi
   pcib0 at pci0 dev 31 function 0 "Intel 100 Series LPC" rev 0x21
   "Intel 100 Series PMC" rev 0x21 at pci0 dev 31 function 2 not configured
   azalia0 at pci0 dev 31 function 3 "Intel 100 Series HD Audio" rev 0x21: msi
   azalia0: codecs: Conexant/0x5111, Intel/0x2809, using Conexant/0x5111
   free with zero size: (2)
   free with zero size: (2)
   free with zero size: (2)
   free with zero size: (2)
   audio0 at azalia0
   ichiic0 at pci0 dev 31 function 4 "Intel 100 Series SMBus" rev 0x21: apic 2 int 16
   iic0 at ichiic0
   em0 at pci0 dev 31 function 6 "Intel I219-V" rev 0x21: msi, address 54:ee:75:c7:59:9b
   isa0 at pcib0
   isadma0 at isa0
   pckbc0 at isa0 port 0x60/5 irq 1 irq 12
   pckbd0 at pckbc0 (kbd slot)
   wskbd0 at pckbd0: console keyboard
   pms0 at pckbc0 (aux slot)
   wsmouse0 at pms0 mux 0
   wsmouse1 at pms0 mux 0
   pms0: Synaptics clickpad, firmware 8.2, 0x1e2b1 0x940300
   pcppi0 at isa0 port 0x61
   spkr0 at pcppi0
   vmm0 at mainbus0: VMX/EPT
   efifb at mainbus0 not configured
   ugen0 at uhub0 port 7 "Intel Bluetooth" rev 2.00/0.01 addr 2
   uvideo0 at uhub0 port 8 configuration 1 interface 0 "Chicony Electronics Co.,Ltd. Integrated Camera" rev 2.00/0.04 addr 3
   video0 at uvideo0
   ugen1 at uhub0 port 9 "Validity Sensors product 0x0090" rev 2.00/1.64 addr 4
   vscsi0 at root
   scsibus2 at vscsi0: 256 targets
   softraid0 at root
   scsibus3 at softraid0: 256 targets
   sd1 at scsibus3 targ 1 lun 0: <OPENBSD, SR CRYPTO, 006> SCSI2 0/direct fixed
   sd1: 122103MB, 512 bytes/sector, 250068065 sectors
   free with zero size: (2)
   root on sd1a (535eb8b91e6ff774.a) swap on sd1b dump on sd1b
   inteldrm0: 1920x1080, 32bpp
   wsdisplay0 at inteldrm0 mux 1: console (std, vt100 emulation), using wskbd0
   wsdisplay0: screen 1-5 added (std, vt100 emulation)
   iwm0: hw rev 0x200, fw ver 16.242414.0, address f4:8c:50:9d:eb:35
   syncing disks... done
   rebooting...
   OpenBSD 6.5-current (RAMDISK_CD) #30: Sat May 18 11:47:25 MDT 2019
       deraadt@amd64.openbsd.org:/usr/src/sys/arch/amd64/compile/RAMDISK_CD
   real mem = 8304582656 (7919MB)
   avail mem = 8048918528 (7676MB)
   mainbus0 at root
   bios0 at mainbus0: SMBIOS rev. 2.8 @ 0xcf055000 (65 entries)
   bios0: vendor LENOVO version "N1FET64W (1.38 )" date 07/25/2018
   bios0: LENOVO 20FBCTO1WW
   acpi0 at bios0: rev 2
   acpi0: tables DSDT FACP TCPA SSDT SSDT TPM2 UEFI SSDT SSDT ECDT HPET APIC MCFG SSDT SSDT DBGP DBG2 BOOT BATB SSDT SSDT MSDM DMAR ASF! FPDT UEFI
   acpiec0 at acpi0
   acpimadt0 at acpi0 addr 0xfee00000: PC-AT compat
   cpu0 at mainbus0: apid 0 (boot processor)
   cpu0: Intel(R) Core(TM) i5-6200U CPU @ 2.30GHz, 2195.81 MHz, 06-4e-03
   cpu0: FPU,VME,DE,PSE,TSC,MSR,PAE,MCE,CX8,APIC,SEP,MTRR,PGE,MCA,CMOV,PAT,PSE36,CFLUSH,DS,ACPI,MMX,FXSR,SSE,SSE2,SS,HTT,TM,PBE,SSE3,PCLMUL,DTES64,MWAIT,DS-CPL,VMX,EST,TM2,SSSE3,SDBG,FMA3,CX16,xTPR,PDCM,PCID,SSE4.1,SSE4.2,x2APIC,MOVBE,POPCNT,DEADLINE,AES,XSAVE,AVX,F16C,RDRAND,NXE,PAGE1GB,RDTSCP,LONG,LAHF,ABM,3DNOWP,PERF,ITSC,FSGSBASE,SGX,BMI1,AVX2,SMEP,BMI2,ERMS,INVPCID,MPX,RDSEED,ADX,SMAP,CLFLUSHOPT,PT,IBRS,IBPB,STIBP,L1DF,SSBD,SENSOR,ARAT,XSAVEOPT,XSAVEC,XGETBV1,XSAVES,MELTDOWN
   cpu0: 256KB 64b/line 8-way L2 cache
   cpu0: apic clock running at 24MHz
   cpu0: mwait min=64, max=64, C-substates=0.2.1.2.4.1.1.1, IBE
   cpu at mainbus0: not configured
   cpu at mainbus0: not configured
   cpu at mainbus0: not configured
   ioapic0 at mainbus0: apid 2 pa 0xfec00000, version 20, 120 pins
   acpiprt0 at acpi0: bus 0 (PCI0)
   acpiprt1 at acpi0: bus -1 (PEG0)
   acpiprt2 at acpi0: bus -1 (PEG1)
   acpiprt3 at acpi0: bus -1 (PEG2)
   acpiprt4 at acpi0: bus 2 (EXP1)
   acpiprt5 at acpi0: bus 4 (EXP3)
   acpiprt6 at acpi0: bus -1 (EXP5)
   acpiprt7 at acpi0: bus -1 (EXP9)
   acpicpu at acpi0 not configured
   acpipwrres at acpi0 not configured
   acpipwrres at acpi0 not configured
   acpipwrres at acpi0 not configured
   acpipwrres at acpi0 not configured
   acpipwrres at acpi0 not configured
   acpipwrres at acpi0 not configured
   acpitz at acpi0 not configured
   "PNP0C0D" at acpi0 not configured
   "PNP0C0E" at acpi0 not configured
   "PNP0A08" at acpi0 not configured
   acpicmos0 at acpi0
   "PNP0C0A" at acpi0 not configured
   "ACPI0003" at acpi0 not configured
   "LEN0068" at acpi0 not configured
   "PNP0C60" at acpi0 not configured
   "PNP0C14" at acpi0 not configured
   "PNP0C14" at acpi0 not configured
   "PNP0C14" at acpi0 not configured
   "INT0E0C" at acpi0 not configured
   "PNP0C14" at acpi0 not configured
   "MSFT0101" at acpi0 not configured
   cpu0: using Skylake AVX MDS workaround
   pci0 at mainbus0 bus 0
   pchb0 at pci0 dev 0 function 0 "Intel Core 6G Host" rev 0x08
   "Intel HD Graphics 520" rev 0x07 at pci0 dev 2 function 0 not configured
   "Intel Core GMM" rev 0x00 at pci0 dev 8 function 0 not configured
   "Intel 100 Series ISH" rev 0x21 at pci0 dev 19 function 0 not configured
   xhci0 at pci0 dev 20 function 0 "Intel 100 Series xHCI" rev 0x21: msi, xHCI 1.0
   usb0 at xhci0: USB revision 3.0
   uhub0 at usb0 configuration 1 interface 0 "Intel xHCI root hub" rev 3.00/1.00 addr 1
   "Intel 100 Series Thermal" rev 0x21 at pci0 dev 20 function 2 not configured
   "Intel 100 Series MEI" rev 0x21 at pci0 dev 22 function 0 not configured
   ahci0 at pci0 dev 23 function 0 "Intel 100 Series AHCI" rev 0x21: msi, AHCI 1.3.1
   ahci0: port 1: 6.0Gb/s
   scsibus0 at ahci0: 32 targets
   sd0 at scsibus0 targ 1 lun 0: <ATA, SAMSUNG MZNTY128, MAT2> SCSI3 0/direct fixed naa.5002538d00000000
   sd0: 122104MB, 512 bytes/sector, 250069680 sectors, thin
   ppb0 at pci0 dev 28 function 0 "Intel 100 Series PCIE" rev 0xf1: msi
   pci1 at ppb0 bus 2
   rtsx0 at pci1 dev 0 function 0 "Realtek RTS525A Card Reader" rev 0x01: msi
   sdmmc0 at rtsx0: 4-bit, dma
   ppb1 at pci0 dev 28 function 2 "Intel 100 Series PCIE" rev 0xf1: msi
   pci2 at ppb1 bus 4
   iwm0 at pci2 dev 0 function 0 "Intel Dual Band Wireless AC 8260" rev 0x3a, msi
   "Intel 100 Series LPC" rev 0x21 at pci0 dev 31 function 0 not configured
   "Intel 100 Series PMC" rev 0x21 at pci0 dev 31 function 2 not configured
   "Intel 100 Series HD Audio" rev 0x21 at pci0 dev 31 function 3 not configured
   "Intel 100 Series SMBus" rev 0x21 at pci0 dev 31 function 4 not configured
   em0 at pci0 dev 31 function 6 "Intel I219-V" rev 0x21: msi, address 54:ee:75:c7:59:9b
   isa0 at mainbus0
   pckbc0 at isa0 port 0x60/5 irq 1 irq 12
   pckbd0 at pckbc0 (kbd slot)
   wskbd0 at pckbd0: console keyboard
   efifb0 at mainbus0: 1920x1080, 32bpp
   wsdisplay0 at efifb0 mux 1: console (std, vt100 emulation), using wskbd0
   "vendor 0x8087 product 0x0a2b" rev 2.00/0.01 addr 2 at uhub0 port 7 not configured
   "Chicony Electronics Co.,Ltd. Integrated Camera" rev 2.00/0.04 addr 3 at uhub0 port 8 not configured
   "vendor 0x138a product 0x0090" rev 2.00/1.64 addr 4 at uhub0 port 9 not configured
   softraid0 at root
   scsibus1 at softraid0: 256 targets
   sd1 at scsibus1 targ 1 lun 0: <OPENBSD, SR CRYPTO, 006> SCSI2 0/direct fixed
   sd1: 122103MB, 512 bytes/sector, 250068065 sectors
   root on rd0a swap on rd0b dump on rd0b
   iwm0: could not read firmware iwm-8000C-16 (error 2)
   iwm0: failed to load init firmware
   iwm0: hw rev 0x200, fw ver 16.242414.0, address f4:8c:50:9d:eb:35
   OpenBSD 6.5-current (GENERIC.MP) #17: Sun May 12 00:53:38 MDT 2019
       deraadt@amd64.openbsd.org:/usr/src/sys/arch/amd64/compile/GENERIC.MP
   real mem = 8304582656 (7919MB)
   avail mem = 8042811392 (7670MB)
   mpath0 at root
   scsibus0 at mpath0: 256 targets
   mainbus0 at root
   bios0 at mainbus0: SMBIOS rev. 2.8 @ 0xcf055000 (65 entries)
   bios0: vendor LENOVO version "N1FET64W (1.38 )" date 07/25/2018
   bios0: LENOVO 20FBCTO1WW
   acpi0 at bios0: rev 2
   acpi0: sleep states S0 S3 S4 S5
   acpi0: tables DSDT FACP TCPA SSDT SSDT TPM2 UEFI SSDT SSDT ECDT HPET APIC MCFG SSDT SSDT DBGP DBG2 BOOT BATB SSDT SSDT MSDM DMAR ASF! FPDT UEFI
   acpi0: wakeup devices LID_(S4) SLPB(S3) IGBE(S4) EXP9(S4) XHCI(S3)
   acpitimer0 at acpi0: 3579545 Hz, 24 bits
   acpiec0 at acpi0
   acpihpet0 at acpi0: 23999999 Hz
   acpimadt0 at acpi0 addr 0xfee00000: PC-AT compat
   cpu0 at mainbus0: apid 0 (boot processor)
   cpu0: Intel(R) Core(TM) i5-6200U CPU @ 2.30GHz, 2195.76 MHz, 06-4e-03
   cpu0: FPU,VME,DE,PSE,TSC,MSR,PAE,MCE,CX8,APIC,SEP,MTRR,PGE,MCA,CMOV,PAT,PSE36,CFLUSH,DS,ACPI,MMX,FXSR,SSE,SSE2,SS,HTT,TM,PBE,SSE3,PCLMUL,DTES64,MWAIT,DS-CPL,VMX,EST,TM2,SSSE3,SDBG,FMA3,CX16,xTPR,PDCM,PCID,SSE4.1,SSE4.2,x2APIC,MOVBE,POPCNT,DEADLINE,AES,XSAVE,AVX,F16C,RDRAND,NXE,PAGE1GB,RDTSCP,LONG,LAHF,ABM,3DNOWP,PERF,ITSC,FSGSBASE,SGX,BMI1,AVX2,SMEP,BMI2,ERMS,INVPCID,MPX,RDSEED,ADX,SMAP,CLFLUSHOPT,PT,IBRS,IBPB,STIBP,L1DF,SSBD,SENSOR,ARAT,XSAVEOPT,XSAVEC,XGETBV1,XSAVES,MELTDOWN
   cpu0: 256KB 64b/line 8-way L2 cache
   cpu0: smt 0, core 0, package 0
   mtrr: Pentium Pro MTRR support, 10 var ranges, 88 fixed ranges
   cpu0: apic clock running at 24MHz
   cpu0: mwait min=64, max=64, C-substates=0.2.1.2.4.1.1.1, IBE
   cpu1 at mainbus0: apid 2 (application processor)
   cpu1: Intel(R) Core(TM) i5-6200U CPU @ 2.30GHz, 2194.90 MHz, 06-4e-03
   cpu1: FPU,VME,DE,PSE,TSC,MSR,PAE,MCE,CX8,APIC,SEP,MTRR,PGE,MCA,CMOV,PAT,PSE36,CFLUSH,DS,ACPI,MMX,FXSR,SSE,SSE2,SS,HTT,TM,PBE,SSE3,PCLMUL,DTES64,MWAIT,DS-CPL,VMX,EST,TM2,SSSE3,SDBG,FMA3,CX16,xTPR,PDCM,PCID,SSE4.1,SSE4.2,x2APIC,MOVBE,POPCNT,DEADLINE,AES,XSAVE,AVX,F16C,RDRAND,NXE,PAGE1GB,RDTSCP,LONG,LAHF,ABM,3DNOWP,PERF,ITSC,FSGSBASE,SGX,BMI1,AVX2,SMEP,BMI2,ERMS,INVPCID,MPX,RDSEED,ADX,SMAP,CLFLUSHOPT,PT,IBRS,IBPB,STIBP,L1DF,SSBD,SENSOR,ARAT,XSAVEOPT,XSAVEC,XGETBV1,XSAVES,MELTDOWN
   cpu1: 256KB 64b/line 8-way L2 cache
   cpu1: smt 0, core 1, package 0
   cpu2 at mainbus0: apid 1 (application processor)
   cpu2: Intel(R) Core(TM) i5-6200U CPU @ 2.30GHz, 2194.90 MHz, 06-4e-03
   cpu2: FPU,VME,DE,PSE,TSC,MSR,PAE,MCE,CX8,APIC,SEP,MTRR,PGE,MCA,CMOV,PAT,PSE36,CFLUSH,DS,ACPI,MMX,FXSR,SSE,SSE2,SS,HTT,TM,PBE,SSE3,PCLMUL,DTES64,MWAIT,DS-CPL,VMX,EST,TM2,SSSE3,SDBG,FMA3,CX16,xTPR,PDCM,PCID,SSE4.1,SSE4.2,x2APIC,MOVBE,POPCNT,DEADLINE,AES,XSAVE,AVX,F16C,RDRAND,NXE,PAGE1GB,RDTSCP,LONG,LAHF,ABM,3DNOWP,PERF,ITSC,FSGSBASE,SGX,BMI1,AVX2,SMEP,BMI2,ERMS,INVPCID,MPX,RDSEED,ADX,SMAP,CLFLUSHOPT,PT,IBRS,IBPB,STIBP,L1DF,SSBD,SENSOR,ARAT,XSAVEOPT,XSAVEC,XGETBV1,XSAVES,MELTDOWN
   cpu2: 256KB 64b/line 8-way L2 cache
   cpu2: smt 1, core 0, package 0
   cpu3 at mainbus0: apid 3 (application processor)
   cpu3: Intel(R) Core(TM) i5-6200U CPU @ 2.30GHz, 2194.90 MHz, 06-4e-03
   cpu3: FPU,VME,DE,PSE,TSC,MSR,PAE,MCE,CX8,APIC,SEP,MTRR,PGE,MCA,CMOV,PAT,PSE36,CFLUSH,DS,ACPI,MMX,FXSR,SSE,SSE2,SS,HTT,TM,PBE,SSE3,PCLMUL,DTES64,MWAIT,DS-CPL,VMX,EST,TM2,SSSE3,SDBG,FMA3,CX16,xTPR,PDCM,PCID,SSE4.1,SSE4.2,x2APIC,MOVBE,POPCNT,DEADLINE,AES,XSAVE,AVX,F16C,RDRAND,NXE,PAGE1GB,RDTSCP,LONG,LAHF,ABM,3DNOWP,PERF,ITSC,FSGSBASE,SGX,BMI1,AVX2,SMEP,BMI2,ERMS,INVPCID,MPX,RDSEED,ADX,SMAP,CLFLUSHOPT,PT,IBRS,IBPB,STIBP,L1DF,SSBD,SENSOR,ARAT,XSAVEOPT,XSAVEC,XGETBV1,XSAVES,MELTDOWN
   cpu3: 256KB 64b/line 8-way L2 cache
   cpu3: smt 1, core 1, package 0
   ioapic0 at mainbus0: apid 2 pa 0xfec00000, version 20, 120 pins
   acpimcfg0 at acpi0
   acpimcfg0: addr 0xf8000000, bus 0-63
   acpiprt0 at acpi0: bus 0 (PCI0)
   acpiprt1 at acpi0: bus -1 (PEG0)
   acpiprt2 at acpi0: bus -1 (PEG1)
   acpiprt3 at acpi0: bus -1 (PEG2)
   acpiprt4 at acpi0: bus 2 (EXP1)
   acpiprt5 at acpi0: bus 4 (EXP3)
   acpiprt6 at acpi0: bus -1 (EXP5)
   acpiprt7 at acpi0: bus -1 (EXP9)
   acpicpu0 at acpi0: C3(200@1034 mwait.1@0x60), C2(200@151 mwait.1@0x33), C1(1000@1 mwait.1), PSS
   acpicpu1 at acpi0: C3(200@1034 mwait.1@0x60), C2(200@151 mwait.1@0x33), C1(1000@1 mwait.1), PSS
   acpicpu2 at acpi0: C3(200@1034 mwait.1@0x60), C2(200@151 mwait.1@0x33), C1(1000@1 mwait.1), PSS
   acpicpu3 at acpi0: C3(200@1034 mwait.1@0x60), C2(200@151 mwait.1@0x33), C1(1000@1 mwait.1), PSS
   acpipwrres0 at acpi0: PUBS, resource for XHCI
   acpipwrres1 at acpi0: PG00, resource for PEG0
   acpipwrres2 at acpi0: PG01, resource for PEG1
   acpipwrres3 at acpi0: PG02, resource for PEG2
   acpipwrres4 at acpi0: WRST
   acpipwrres5 at acpi0: WRST
   acpitz0 at acpi0: critical temperature is 128 degC
   acpibtn0 at acpi0: LID_
   acpibtn1 at acpi0: SLPB
   acpipci0 at acpi0 PCI0: 0x00000000 0x00000011 0x00000001
   acpicmos0 at acpi0
   acpibat0 at acpi0: BAT0 model "00HW029" serial  4313 type LiP oem "SMP"
   acpiac0 at acpi0: AC unit online
   acpithinkpad0 at acpi0
   "PNP0C60" at acpi0 not configured
   "PNP0C14" at acpi0 not configured
   "PNP0C14" at acpi0 not configured
   "PNP0C14" at acpi0 not configured
   "INT0E0C" at acpi0 not configured
   "PNP0C14" at acpi0 not configured
   "MSFT0101" at acpi0 not configured
   acpivideo0 at acpi0: GFX0
   acpivout at acpivideo0 not configured
   cpu0: Enhanced SpeedStep 2195 MHz: speeds: 2301, 2300, 2200, 2100, 2000, 1800, 1700, 1500, 1400, 1300, 1100, 1000, 800, 700, 500, 400 MHz
   pci0 at mainbus0 bus 0
   pchb0 at pci0 dev 0 function 0 "Intel Core 6G Host" rev 0x08
   inteldrm0 at pci0 dev 2 function 0 "Intel HD Graphics 520" rev 0x07
   drm0 at inteldrm0
   inteldrm0: msi
   "Intel Core GMM" rev 0x00 at pci0 dev 8 function 0 not configured
   "Intel 100 Series ISH" rev 0x21 at pci0 dev 19 function 0 not configured
   xhci0 at pci0 dev 20 function 0 "Intel 100 Series xHCI" rev 0x21: msi, xHCI 1.0
   usb0 at xhci0: USB revision 3.0
   uhub0 at usb0 configuration 1 interface 0 "Intel xHCI root hub" rev 3.00/1.00 addr 1
   pchtemp0 at pci0 dev 20 function 2 "Intel 100 Series Thermal" rev 0x21
   "Intel 100 Series MEI" rev 0x21 at pci0 dev 22 function 0 not configured
   ahci0 at pci0 dev 23 function 0 "Intel 100 Series AHCI" rev 0x21: msi, AHCI 1.3.1
   ahci0: port 1: 6.0Gb/s
   scsibus1 at ahci0: 32 targets
   sd0 at scsibus1 targ 1 lun 0: <ATA, SAMSUNG MZNTY128, MAT2> SCSI3 0/direct fixed naa.5002538d00000000
   sd0: 122104MB, 512 bytes/sector, 250069680 sectors, thin
   ppb0 at pci0 dev 28 function 0 "Intel 100 Series PCIE" rev 0xf1: msi
   pci1 at ppb0 bus 2
   rtsx0 at pci1 dev 0 function 0 "Realtek RTS525A Card Reader" rev 0x01: msi
   sdmmc0 at rtsx0: 4-bit, dma
   ppb1 at pci0 dev 28 function 2 "Intel 100 Series PCIE" rev 0xf1: msi
   pci2 at ppb1 bus 4
   iwm0 at pci2 dev 0 function 0 "Intel Dual Band Wireless AC 8260" rev 0x3a, msi
   pcib0 at pci0 dev 31 function 0 "Intel 100 Series LPC" rev 0x21
   "Intel 100 Series PMC" rev 0x21 at pci0 dev 31 function 2 not configured
   azalia0 at pci0 dev 31 function 3 "Intel 100 Series HD Audio" rev 0x21: msi
   azalia0: codecs: Conexant/0x5111, Intel/0x2809, using Conexant/0x5111
   free with zero size: (2)
   free with zero size: (2)
   free with zero size: (2)
   free with zero size: (2)
   audio0 at azalia0
   ichiic0 at pci0 dev 31 function 4 "Intel 100 Series SMBus" rev 0x21: apic 2 int 16
   iic0 at ichiic0
   em0 at pci0 dev 31 function 6 "Intel I219-V" rev 0x21: msi, address 54:ee:75:c7:59:9b
   isa0 at pcib0
   isadma0 at isa0
   pckbc0 at isa0 port 0x60/5 irq 1 irq 12
   pckbd0 at pckbc0 (kbd slot)
   wskbd0 at pckbd0: console keyboard
   pms0 at pckbc0 (aux slot)
   wsmouse0 at pms0 mux 0
   wsmouse1 at pms0 mux 0
   pms0: Synaptics clickpad, firmware 8.2, 0x1e2b1 0x940300
   pcppi0 at isa0 port 0x61
   spkr0 at pcppi0
   vmm0 at mainbus0: VMX/EPT
   efifb at mainbus0 not configured
   ugen0 at uhub0 port 7 "Intel Bluetooth" rev 2.00/0.01 addr 2
   uvideo0 at uhub0 port 8 configuration 1 interface 0 "Chicony Electronics Co.,Ltd. Integrated Camera" rev 2.00/0.04 addr 3
   video0 at uvideo0
   ugen1 at uhub0 port 9 "Validity Sensors product 0x0090" rev 2.00/1.64 addr 4
   vscsi0 at root
   scsibus2 at vscsi0: 256 targets
   softraid0 at root
   scsibus3 at softraid0: 256 targets
   sd1 at scsibus3 targ 1 lun 0: <OPENBSD, SR CRYPTO, 006> SCSI2 0/direct fixed
   sd1: 122103MB, 512 bytes/sector, 250068065 sectors
   free with zero size: (2)
   root on sd1a (535eb8b91e6ff774.a) swap on sd1b dump on sd1b
   inteldrm0: 1920x1080, 32bpp
   wsdisplay0 at inteldrm0 mux 1: console (std, vt100 emulation), using wskbd0
   wsdisplay0: screen 1-5 added (std, vt100 emulation)
   iwm0: hw rev 0x200, fw ver 16.242414.0, address f4:8c:50:9d:eb:35
   syncing disks... done
   rebooting...
   OpenBSD 6.5-current (RAMDISK_CD) #30: Sat May 18 11:47:25 MDT 2019
       deraadt@amd64.openbsd.org:/usr/src/sys/arch/amd64/compile/RAMDISK_CD
   real mem = 8304582656 (7919MB)
   avail mem = 8048918528 (7676MB)
   mainbus0 at root
   bios0 at mainbus0: SMBIOS rev. 2.8 @ 0xcf055000 (65 entries)
   bios0: vendor LENOVO version "N1FET64W (1.38 )" date 07/25/2018
   bios0: LENOVO 20FBCTO1WW
   acpi0 at bios0: rev 2
   acpi0: tables DSDT FACP TCPA SSDT SSDT TPM2 UEFI SSDT SSDT ECDT HPET APIC MCFG SSDT SSDT DBGP DBG2 BOOT BATB SSDT SSDT MSDM DMAR ASF! FPDT UEFI
   acpiec0 at acpi0
   acpimadt0 at acpi0 addr 0xfee00000: PC-AT compat
   cpu0 at mainbus0: apid 0 (boot processor)
   cpu0: Intel(R) Core(TM) i5-6200U CPU @ 2.30GHz, 2195.77 MHz, 06-4e-03
   cpu0: FPU,VME,DE,PSE,TSC,MSR,PAE,MCE,CX8,APIC,SEP,MTRR,PGE,MCA,CMOV,PAT,PSE36,CFLUSH,DS,ACPI,MMX,FXSR,SSE,SSE2,SS,HTT,TM,PBE,SSE3,PCLMUL,DTES64,MWAIT,DS-CPL,VMX,EST,TM2,SSSE3,SDBG,FMA3,CX16,xTPR,PDCM,PCID,SSE4.1,SSE4.2,x2APIC,MOVBE,POPCNT,DEADLINE,AES,XSAVE,AVX,F16C,RDRAND,NXE,PAGE1GB,RDTSCP,LONG,LAHF,ABM,3DNOWP,PERF,ITSC,FSGSBASE,SGX,BMI1,AVX2,SMEP,BMI2,ERMS,INVPCID,MPX,RDSEED,ADX,SMAP,CLFLUSHOPT,PT,IBRS,IBPB,STIBP,L1DF,SSBD,SENSOR,ARAT,XSAVEOPT,XSAVEC,XGETBV1,XSAVES,MELTDOWN
   cpu0: 256KB 64b/line 8-way L2 cache
   cpu0: apic clock running at 24MHz
   cpu0: mwait min=64, max=64, C-substates=0.2.1.2.4.1.1.1, IBE
   cpu at mainbus0: not configured
   cpu at mainbus0: not configured
   cpu at mainbus0: not configured
   ioapic0 at mainbus0: apid 2 pa 0xfec00000, version 20, 120 pins
   acpiprt0 at acpi0: bus 0 (PCI0)
   acpiprt1 at acpi0: bus -1 (PEG0)
   acpiprt2 at acpi0: bus -1 (PEG1)
   acpiprt3 at acpi0: bus -1 (PEG2)
   acpiprt4 at acpi0: bus 2 (EXP1)
   acpiprt5 at acpi0: bus 4 (EXP3)
   acpiprt6 at acpi0: bus -1 (EXP5)
   acpiprt7 at acpi0: bus -1 (EXP9)
   acpicpu at acpi0 not configured
   acpipwrres at acpi0 not configured
   acpipwrres at acpi0 not configured
   acpipwrres at acpi0 not configured
   acpipwrres at acpi0 not configured
   acpipwrres at acpi0 not configured
   acpipwrres at acpi0 not configured
   acpitz at acpi0 not configured
   "PNP0C0D" at acpi0 not configured
   "PNP0C0E" at acpi0 not configured
   "PNP0A08" at acpi0 not configured
   acpicmos0 at acpi0
   "PNP0C0A" at acpi0 not configured
   "ACPI0003" at acpi0 not configured
   "LEN0068" at acpi0 not configured
   "PNP0C60" at acpi0 not configured
   "PNP0C14" at acpi0 not configured
   "PNP0C14" at acpi0 not configured
   "PNP0C14" at acpi0 not configured
   "INT0E0C" at acpi0 not configured
   "PNP0C14" at acpi0 not configured
   "MSFT0101" at acpi0 not configured
   cpu0: using Skylake AVX MDS workaround
   pci0 at mainbus0 bus 0
   pchb0 at pci0 dev 0 function 0 "Intel Core 6G Host" rev 0x08
   "Intel HD Graphics 520" rev 0x07 at pci0 dev 2 function 0 not configured
   "Intel Core GMM" rev 0x00 at pci0 dev 8 function 0 not configured
   "Intel 100 Series ISH" rev 0x21 at pci0 dev 19 function 0 not configured
   xhci0 at pci0 dev 20 function 0 "Intel 100 Series xHCI" rev 0x21: msi, xHCI 1.0
   usb0 at xhci0: USB revision 3.0
   uhub0 at usb0 configuration 1 interface 0 "Intel xHCI root hub" rev 3.00/1.00 addr 1
   "Intel 100 Series Thermal" rev 0x21 at pci0 dev 20 function 2 not configured
   "Intel 100 Series MEI" rev 0x21 at pci0 dev 22 function 0 not configured
   ahci0 at pci0 dev 23 function 0 "Intel 100 Series AHCI" rev 0x21: msi, AHCI 1.3.1
   ahci0: port 1: 6.0Gb/s
   scsibus0 at ahci0: 32 targets
   sd0 at scsibus0 targ 1 lun 0: <ATA, SAMSUNG MZNTY128, MAT2> SCSI3 0/direct fixed naa.5002538d00000000
   sd0: 122104MB, 512 bytes/sector, 250069680 sectors, thin
   ppb0 at pci0 dev 28 function 0 "Intel 100 Series PCIE" rev 0xf1: msi
   pci1 at ppb0 bus 2
   rtsx0 at pci1 dev 0 function 0 "Realtek RTS525A Card Reader" rev 0x01: msi
   sdmmc0 at rtsx0: 4-bit, dma
   ppb1 at pci0 dev 28 function 2 "Intel 100 Series PCIE" rev 0xf1: msi
   pci2 at ppb1 bus 4
   iwm0 at pci2 dev 0 function 0 "Intel Dual Band Wireless AC 8260" rev 0x3a, msi
   "Intel 100 Series LPC" rev 0x21 at pci0 dev 31 function 0 not configured
   "Intel 100 Series PMC" rev 0x21 at pci0 dev 31 function 2 not configured
   "Intel 100 Series HD Audio" rev 0x21 at pci0 dev 31 function 3 not configured
   "Intel 100 Series SMBus" rev 0x21 at pci0 dev 31 function 4 not configured
   em0 at pci0 dev 31 function 6 "Intel I219-V" rev 0x21: msi, address 54:ee:75:c7:59:9b
   isa0 at mainbus0
   pckbc0 at isa0 port 0x60/5 irq 1 irq 12
   pckbd0 at pckbc0 (kbd slot)
   wskbd0 at pckbd0: console keyboard
   efifb0 at mainbus0: 1920x1080, 32bpp
   wsdisplay0 at efifb0 mux 1: console (std, vt100 emulation), using wskbd0
   "vendor 0x8087 product 0x0a2b" rev 2.00/0.01 addr 2 at uhub0 port 7 not configured
   "Chicony Electronics Co.,Ltd. Integrated Camera" rev 2.00/0.04 addr 3 at uhub0 port 8 not configured
   "vendor 0x138a product 0x0090" rev 2.00/1.64 addr 4 at uhub0 port 9 not configured
   softraid0 at root
   scsibus1 at softraid0: 256 targets
   sd1 at scsibus1 targ 1 lun 0: <OPENBSD, SR CRYPTO, 006> SCSI2 0/direct fixed
   sd1: 122103MB, 512 bytes/sector, 250068065 sectors
   root on rd0a swap on rd0b dump on rd0b
   iwm0: could not read firmware iwm-8000C-16 (error 2)
   iwm0: failed to load init firmware
   iwm0: hw rev 0x200, fw ver 16.242414.0, address f4:8c:50:9d:eb:35
   OpenBSD 6.5-current (GENERIC.MP) #17: Sun May 12 00:53:38 MDT 2019
       deraadt@amd64.openbsd.org:/usr/src/sys/arch/amd64/compile/GENERIC.MP
   real mem = 8304582656 (7919MB)
   avail mem = 8042795008 (7670MB)
   mpath0 at root
   scsibus0 at mpath0: 256 targets
   mainbus0 at root
   bios0 at mainbus0: SMBIOS rev. 2.8 @ 0xcf055000 (65 entries)
   bios0: vendor LENOVO version "N1FET64W (1.38 )" date 07/25/2018
   bios0: LENOVO 20FBCTO1WW
   acpi0 at bios0: rev 2
   acpi0: sleep states S0 S3 S4 S5
   acpi0: tables DSDT FACP TCPA SSDT SSDT TPM2 UEFI SSDT SSDT ECDT HPET APIC MCFG SSDT SSDT DBGP DBG2 BOOT BATB SSDT SSDT MSDM DMAR ASF! FPDT UEFI
   acpi0: wakeup devices LID_(S4) SLPB(S3) IGBE(S4) EXP9(S4) XHCI(S3)
   acpitimer0 at acpi0: 3579545 Hz, 24 bits
   acpiec0 at acpi0
   acpihpet0 at acpi0: 23999999 Hz
   acpimadt0 at acpi0 addr 0xfee00000: PC-AT compat
   cpu0 at mainbus0: apid 0 (boot processor)
   cpu0: Intel(R) Core(TM) i5-6200U CPU @ 2.30GHz, 2195.43 MHz, 06-4e-03
   cpu0: FPU,VME,DE,PSE,TSC,MSR,PAE,MCE,CX8,APIC,SEP,MTRR,PGE,MCA,CMOV,PAT,PSE36,CFLUSH,DS,ACPI,MMX,FXSR,SSE,SSE2,SS,HTT,TM,PBE,SSE3,PCLMUL,DTES64,MWAIT,DS-CPL,VMX,EST,TM2,SSSE3,SDBG,FMA3,CX16,xTPR,PDCM,PCID,SSE4.1,SSE4.2,x2APIC,MOVBE,POPCNT,DEADLINE,AES,XSAVE,AVX,F16C,RDRAND,NXE,PAGE1GB,RDTSCP,LONG,LAHF,ABM,3DNOWP,PERF,ITSC,FSGSBASE,SGX,BMI1,AVX2,SMEP,BMI2,ERMS,INVPCID,MPX,RDSEED,ADX,SMAP,CLFLUSHOPT,PT,IBRS,IBPB,STIBP,L1DF,SSBD,SENSOR,ARAT,XSAVEOPT,XSAVEC,XGETBV1,XSAVES,MELTDOWN
   cpu0: 256KB 64b/line 8-way L2 cache
   cpu0: smt 0, core 0, package 0
   mtrr: Pentium Pro MTRR support, 10 var ranges, 88 fixed ranges
   cpu0: apic clock running at 23MHz
   cpu0: mwait min=64, max=64, C-substates=0.2.1.2.4.1.1.1, IBE
   cpu1 at mainbus0: apid 2 (application processor)
   cpu1: Intel(R) Core(TM) i5-6200U CPU @ 2.30GHz, 2194.86 MHz, 06-4e-03
   cpu1: FPU,VME,DE,PSE,TSC,MSR,PAE,MCE,CX8,APIC,SEP,MTRR,PGE,MCA,CMOV,PAT,PSE36,CFLUSH,DS,ACPI,MMX,FXSR,SSE,SSE2,SS,HTT,TM,PBE,SSE3,PCLMUL,DTES64,MWAIT,DS-CPL,VMX,EST,TM2,SSSE3,SDBG,FMA3,CX16,xTPR,PDCM,PCID,SSE4.1,SSE4.2,x2APIC,MOVBE,POPCNT,DEADLINE,AES,XSAVE,AVX,F16C,RDRAND,NXE,PAGE1GB,RDTSCP,LONG,LAHF,ABM,3DNOWP,PERF,ITSC,FSGSBASE,SGX,BMI1,AVX2,SMEP,BMI2,ERMS,INVPCID,MPX,RDSEED,ADX,SMAP,CLFLUSHOPT,PT,IBRS,IBPB,STIBP,L1DF,SSBD,SENSOR,ARAT,XSAVEOPT,XSAVEC,XGETBV1,XSAVES,MELTDOWN
   cpu1: 256KB 64b/line 8-way L2 cache
   cpu1: smt 0, core 1, package 0
   cpu2 at mainbus0: apid 1 (application processor)
   cpu2: Intel(R) Core(TM) i5-6200U CPU @ 2.30GHz, 2194.86 MHz, 06-4e-03
   cpu2: FPU,VME,DE,PSE,TSC,MSR,PAE,MCE,CX8,APIC,SEP,MTRR,PGE,MCA,CMOV,PAT,PSE36,CFLUSH,DS,ACPI,MMX,FXSR,SSE,SSE2,SS,HTT,TM,PBE,SSE3,PCLMUL,DTES64,MWAIT,DS-CPL,VMX,EST,TM2,SSSE3,SDBG,FMA3,CX16,xTPR,PDCM,PCID,SSE4.1,SSE4.2,x2APIC,MOVBE,POPCNT,DEADLINE,AES,XSAVE,AVX,F16C,RDRAND,NXE,PAGE1GB,RDTSCP,LONG,LAHF,ABM,3DNOWP,PERF,ITSC,FSGSBASE,SGX,BMI1,AVX2,SMEP,BMI2,ERMS,INVPCID,MPX,RDSEED,ADX,SMAP,CLFLUSHOPT,PT,IBRS,IBPB,STIBP,L1DF,SSBD,SENSOR,ARAT,XSAVEOPT,XSAVEC,XGETBV1,XSAVES,MELTDOWN
   cpu2: 256KB 64b/line 8-way L2 cache
   cpu2: smt 1, core 0, package 0
   cpu3 at mainbus0: apid 3 (application processor)
   cpu3: Intel(R) Core(TM) i5-6200U CPU @ 2.30GHz, 2194.86 MHz, 06-4e-03
   cpu3: FPU,VME,DE,PSE,TSC,MSR,PAE,MCE,CX8,APIC,SEP,MTRR,PGE,MCA,CMOV,PAT,PSE36,CFLUSH,DS,ACPI,MMX,FXSR,SSE,SSE2,SS,HTT,TM,PBE,SSE3,PCLMUL,DTES64,MWAIT,DS-CPL,VMX,EST,TM2,SSSE3,SDBG,FMA3,CX16,xTPR,PDCM,PCID,SSE4.1,SSE4.2,x2APIC,MOVBE,POPCNT,DEADLINE,AES,XSAVE,AVX,F16C,RDRAND,NXE,PAGE1GB,RDTSCP,LONG,LAHF,ABM,3DNOWP,PERF,ITSC,FSGSBASE,SGX,BMI1,AVX2,SMEP,BMI2,ERMS,INVPCID,MPX,RDSEED,ADX,SMAP,CLFLUSHOPT,PT,IBRS,IBPB,STIBP,L1DF,SSBD,SENSOR,ARAT,XSAVEOPT,XSAVEC,XGETBV1,XSAVES,MELTDOWN
   cpu3: 256KB 64b/line 8-way L2 cache
   cpu3: smt 1, core 1, package 0
   ioapic0 at mainbus0: apid 2 pa 0xfec00000, version 20, 120 pins
   acpimcfg0 at acpi0
   acpimcfg0: addr 0xf8000000, bus 0-63
   acpiprt0 at acpi0: bus 0 (PCI0)
   acpiprt1 at acpi0: bus -1 (PEG0)
   acpiprt2 at acpi0: bus -1 (PEG1)
   acpiprt3 at acpi0: bus -1 (PEG2)
   acpiprt4 at acpi0: bus 2 (EXP1)
   acpiprt5 at acpi0: bus 4 (EXP3)
   acpiprt6 at acpi0: bus -1 (EXP5)
   acpiprt7 at acpi0: bus -1 (EXP9)
   acpicpu0 at acpi0: C3(200@1034 mwait.1@0x60), C2(200@151 mwait.1@0x33), C1(1000@1 mwait.1), PSS
   acpicpu1 at acpi0: C3(200@1034 mwait.1@0x60), C2(200@151 mwait.1@0x33), C1(1000@1 mwait.1), PSS
   acpicpu2 at acpi0: C3(200@1034 mwait.1@0x60), C2(200@151 mwait.1@0x33), C1(1000@1 mwait.1), PSS
   acpicpu3 at acpi0: C3(200@1034 mwait.1@0x60), C2(200@151 mwait.1@0x33), C1(1000@1 mwait.1), PSS
   acpipwrres0 at acpi0: PUBS, resource for XHCI
   acpipwrres1 at acpi0: PG00, resource for PEG0
   acpipwrres2 at acpi0: PG01, resource for PEG1
   acpipwrres3 at acpi0: PG02, resource for PEG2
   acpipwrres4 at acpi0: WRST
   acpipwrres5 at acpi0: WRST
   acpitz0 at acpi0: critical temperature is 128 degC
   acpibtn0 at acpi0: LID_
   acpibtn1 at acpi0: SLPB
   acpipci0 at acpi0 PCI0: 0x00000000 0x00000011 0x00000001
   acpicmos0 at acpi0
   acpibat0 at acpi0: BAT0 model "00HW029" serial  4313 type LiP oem "SMP"
   acpiac0 at acpi0: AC unit online
   acpithinkpad0 at acpi0
   "PNP0C60" at acpi0 not configured
   "PNP0C14" at acpi0 not configured
   "PNP0C14" at acpi0 not configured
   "PNP0C14" at acpi0 not configured
   "INT0E0C" at acpi0 not configured
   "PNP0C14" at acpi0 not configured
   "MSFT0101" at acpi0 not configured
   acpivideo0 at acpi0: GFX0
   acpivout at acpivideo0 not configured
   cpu0: Enhanced SpeedStep 2195 MHz: speeds: 2301, 2300, 2200, 2100, 2000, 1800, 1700, 1500, 1400, 1300, 1100, 1000, 800, 700, 500, 400 MHz
   pci0 at mainbus0 bus 0
   pchb0 at pci0 dev 0 function 0 "Intel Core 6G Host" rev 0x08
   inteldrm0 at pci0 dev 2 function 0 "Intel HD Graphics 520" rev 0x07
   drm0 at inteldrm0
   inteldrm0: msi
   "Intel Core GMM" rev 0x00 at pci0 dev 8 function 0 not configured
   "Intel 100 Series ISH" rev 0x21 at pci0 dev 19 function 0 not configured
   xhci0 at pci0 dev 20 function 0 "Intel 100 Series xHCI" rev 0x21: msi, xHCI 1.0
   usb0 at xhci0: USB revision 3.0
   uhub0 at usb0 configuration 1 interface 0 "Intel xHCI root hub" rev 3.00/1.00 addr 1
   pchtemp0 at pci0 dev 20 function 2 "Intel 100 Series Thermal" rev 0x21
   "Intel 100 Series MEI" rev 0x21 at pci0 dev 22 function 0 not configured
   ahci0 at pci0 dev 23 function 0 "Intel 100 Series AHCI" rev 0x21: msi, AHCI 1.3.1
   ahci0: port 1: 6.0Gb/s
   scsibus1 at ahci0: 32 targets
   sd0 at scsibus1 targ 1 lun 0: <ATA, SAMSUNG MZNTY128, MAT2> SCSI3 0/direct fixed naa.5002538d00000000
   sd0: 122104MB, 512 bytes/sector, 250069680 sectors, thin
   ppb0 at pci0 dev 28 function 0 "Intel 100 Series PCIE" rev 0xf1: msi
   pci1 at ppb0 bus 2
   rtsx0 at pci1 dev 0 function 0 "Realtek RTS525A Card Reader" rev 0x01: msi
   sdmmc0 at rtsx0: 4-bit, dma
   ppb1 at pci0 dev 28 function 2 "Intel 100 Series PCIE" rev 0xf1: msi
   pci2 at ppb1 bus 4
   iwm0 at pci2 dev 0 function 0 "Intel Dual Band Wireless AC 8260" rev 0x3a, msi
   pcib0 at pci0 dev 31 function 0 "Intel 100 Series LPC" rev 0x21
   "Intel 100 Series PMC" rev 0x21 at pci0 dev 31 function 2 not configured
   azalia0 at pci0 dev 31 function 3 "Intel 100 Series HD Audio" rev 0x21: msi
   azalia0: codecs: Conexant/0x5111, Intel/0x2809, using Conexant/0x5111
   free with zero size: (2)
   free with zero size: (2)
   free with zero size: (2)
   free with zero size: (2)
   audio0 at azalia0
   ichiic0 at pci0 dev 31 function 4 "Intel 100 Series SMBus" rev 0x21: apic 2 int 16
   iic0 at ichiic0
   em0 at pci0 dev 31 function 6 "Intel I219-V" rev 0x21: msi, address 54:ee:75:c7:59:9b
   isa0 at pcib0
   isadma0 at isa0
   pckbc0 at isa0 port 0x60/5 irq 1 irq 12
   pckbd0 at pckbc0 (kbd slot)
   wskbd0 at pckbd0: console keyboard
   pms0 at pckbc0 (aux slot)
   wsmouse0 at pms0 mux 0
   wsmouse1 at pms0 mux 0
   pms0: Synaptics clickpad, firmware 8.2, 0x1e2b1 0x940300
   pcppi0 at isa0 port 0x61
   spkr0 at pcppi0
   vmm0 at mainbus0: VMX/EPT
   efifb at mainbus0 not configured
   ugen0 at uhub0 port 7 "Intel Bluetooth" rev 2.00/0.01 addr 2
   uvideo0 at uhub0 port 8 configuration 1 interface 0 "Chicony Electronics Co.,Ltd. Integrated Camera" rev 2.00/0.04 addr 3
   video0 at uvideo0
   ugen1 at uhub0 port 9 "Validity Sensors product 0x0090" rev 2.00/1.64 addr 4
   vscsi0 at root
   scsibus2 at vscsi0: 256 targets
   softraid0 at root
   scsibus3 at softraid0: 256 targets
   sd1 at scsibus3 targ 1 lun 0: <OPENBSD, SR CRYPTO, 006> SCSI2 0/direct fixed
   sd1: 122103MB, 512 bytes/sector, 250068065 sectors
   free with zero size: (2)
   root on sd1a (535eb8b91e6ff774.a) swap on sd1b dump on sd1b
   inteldrm0: 1920x1080, 32bpp
   wsdisplay0 at inteldrm0 mux 1: console (std, vt100 emulation), using wskbd0
   wsdisplay0: screen 1-5 added (std, vt100 emulation)
   iwm0: hw rev 0x200, fw ver 16.242414.0, address f4:8c:50:9d:eb:35
   syncing disks... done
   rebooting...
   OpenBSD 6.5-current (RAMDISK_CD) #30: Sat May 18 11:47:25 MDT 2019
       deraadt@amd64.openbsd.org:/usr/src/sys/arch/amd64/compile/RAMDISK_CD
   real mem = 8304582656 (7919MB)
   avail mem = 8048918528 (7676MB)
   mainbus0 at root
   bios0 at mainbus0: SMBIOS rev. 2.8 @ 0xcf055000 (65 entries)
   bios0: vendor LENOVO version "N1FET64W (1.38 )" date 07/25/2018
   bios0: LENOVO 20FBCTO1WW
   acpi0 at bios0: rev 2
   acpi0: tables DSDT FACP TCPA SSDT SSDT TPM2 UEFI SSDT SSDT ECDT HPET APIC MCFG SSDT SSDT DBGP DBG2 BOOT BATB SSDT SSDT MSDM DMAR ASF! FPDT UEFI
   acpiec0 at acpi0
   acpimadt0 at acpi0 addr 0xfee00000: PC-AT compat
   cpu0 at mainbus0: apid 0 (boot processor)
   cpu0: Intel(R) Core(TM) i5-6200U CPU @ 2.30GHz, 2195.79 MHz, 06-4e-03
   cpu0: FPU,VME,DE,PSE,TSC,MSR,PAE,MCE,CX8,APIC,SEP,MTRR,PGE,MCA,CMOV,PAT,PSE36,CFLUSH,DS,ACPI,MMX,FXSR,SSE,SSE2,SS,HTT,TM,PBE,SSE3,PCLMUL,DTES64,MWAIT,DS-CPL,VMX,EST,TM2,SSSE3,SDBG,FMA3,CX16,xTPR,PDCM,PCID,SSE4.1,SSE4.2,x2APIC,MOVBE,POPCNT,DEADLINE,AES,XSAVE,AVX,F16C,RDRAND,NXE,PAGE1GB,RDTSCP,LONG,LAHF,ABM,3DNOWP,PERF,ITSC,FSGSBASE,SGX,BMI1,AVX2,SMEP,BMI2,ERMS,INVPCID,MPX,RDSEED,ADX,SMAP,CLFLUSHOPT,PT,IBRS,IBPB,STIBP,L1DF,SSBD,SENSOR,ARAT,XSAVEOPT,XSAVEC,XGETBV1,XSAVES,MELTDOWN
   cpu0: 256KB 64b/line 8-way L2 cache
   cpu0: apic clock running at 24MHz
   cpu0: mwait min=64, max=64, C-substates=0.2.1.2.4.1.1.1, IBE
   cpu at mainbus0: not configured
   cpu at mainbus0: not configured
   cpu at mainbus0: not configured
   ioapic0 at mainbus0: apid 2 pa 0xfec00000, version 20, 120 pins
   acpiprt0 at acpi0: bus 0 (PCI0)
   acpiprt1 at acpi0: bus -1 (PEG0)
   acpiprt2 at acpi0: bus -1 (PEG1)
   acpiprt3 at acpi0: bus -1 (PEG2)
   acpiprt4 at acpi0: bus 2 (EXP1)
   acpiprt5 at acpi0: bus 4 (EXP3)
   acpiprt6 at acpi0: bus -1 (EXP5)
   acpiprt7 at acpi0: bus -1 (EXP9)
   acpicpu at acpi0 not configured
   acpipwrres at acpi0 not configured
   acpipwrres at acpi0 not configured
   acpipwrres at acpi0 not configured
   acpipwrres at acpi0 not configured
   acpipwrres at acpi0 not configured
   acpipwrres at acpi0 not configured
   acpitz at acpi0 not configured
   "PNP0C0D" at acpi0 not configured
   "PNP0C0E" at acpi0 not configured
   "PNP0A08" at acpi0 not configured
   acpicmos0 at acpi0
   "PNP0C0A" at acpi0 not configured
   "ACPI0003" at acpi0 not configured
   "LEN0068" at acpi0 not configured
   "PNP0C60" at acpi0 not configured
   "PNP0C14" at acpi0 not configured
   "PNP0C14" at acpi0 not configured
   "PNP0C14" at acpi0 not configured
   "INT0E0C" at acpi0 not configured
   "PNP0C14" at acpi0 not configured
   "MSFT0101" at acpi0 not configured
   cpu0: using Skylake AVX MDS workaround
   pci0 at mainbus0 bus 0
   pchb0 at pci0 dev 0 function 0 "Intel Core 6G Host" rev 0x08
   "Intel HD Graphics 520" rev 0x07 at pci0 dev 2 function 0 not configured
   "Intel Core GMM" rev 0x00 at pci0 dev 8 function 0 not configured
   "Intel 100 Series ISH" rev 0x21 at pci0 dev 19 function 0 not configured
   xhci0 at pci0 dev 20 function 0 "Intel 100 Series xHCI" rev 0x21: msi, xHCI 1.0
   usb0 at xhci0: USB revision 3.0
   uhub0 at usb0 configuration 1 interface 0 "Intel xHCI root hub" rev 3.00/1.00 addr 1
   "Intel 100 Series Thermal" rev 0x21 at pci0 dev 20 function 2 not configured
   "Intel 100 Series MEI" rev 0x21 at pci0 dev 22 function 0 not configured
   ahci0 at pci0 dev 23 function 0 "Intel 100 Series AHCI" rev 0x21: msi, AHCI 1.3.1
   ahci0: port 1: 6.0Gb/s
   scsibus0 at ahci0: 32 targets
   sd0 at scsibus0 targ 1 lun 0: <ATA, SAMSUNG MZNTY128, MAT2> SCSI3 0/direct fixed naa.5002538d00000000
   sd0: 122104MB, 512 bytes/sector, 250069680 sectors, thin
   ppb0 at pci0 dev 28 function 0 "Intel 100 Series PCIE" rev 0xf1: msi
   pci1 at ppb0 bus 2
   rtsx0 at pci1 dev 0 function 0 "Realtek RTS525A Card Reader" rev 0x01: msi
   sdmmc0 at rtsx0: 4-bit, dma
   ppb1 at pci0 dev 28 function 2 "Intel 100 Series PCIE" rev 0xf1: msi
   pci2 at ppb1 bus 4
   iwm0 at pci2 dev 0 function 0 "Intel Dual Band Wireless AC 8260" rev 0x3a, msi
   "Intel 100 Series LPC" rev 0x21 at pci0 dev 31 function 0 not configured
   "Intel 100 Series PMC" rev 0x21 at pci0 dev 31 function 2 not configured
   "Intel 100 Series HD Audio" rev 0x21 at pci0 dev 31 function 3 not configured
   "Intel 100 Series SMBus" rev 0x21 at pci0 dev 31 function 4 not configured
   em0 at pci0 dev 31 function 6 "Intel I219-V" rev 0x21: msi, address 54:ee:75:c7:59:9b
   isa0 at mainbus0
   pckbc0 at isa0 port 0x60/5 irq 1 irq 12
   pckbd0 at pckbc0 (kbd slot)
   wskbd0 at pckbd0: console keyboard
   efifb0 at mainbus0: 1920x1080, 32bpp
   wsdisplay0 at efifb0 mux 1: console (std, vt100 emulation), using wskbd0
   "vendor 0x8087 product 0x0a2b" rev 2.00/0.01 addr 2 at uhub0 port 7 not configured
   "Chicony Electronics Co.,Ltd. Integrated Camera" rev 2.00/0.04 addr 3 at uhub0 port 8 not configured
   "vendor 0x138a product 0x0090" rev 2.00/1.64 addr 4 at uhub0 port 9 not configured
   softraid0 at root
   scsibus1 at softraid0: 256 targets
   sd1 at scsibus1 targ 1 lun 0: <OPENBSD, SR CRYPTO, 006> SCSI2 0/direct fixed
   sd1: 122103MB, 512 bytes/sector, 250068065 sectors
   root on rd0a swap on rd0b dump on rd0b
   iwm0: could not read firmware iwm-8000C-16 (error 2)
   iwm0: failed to load init firmware
   iwm0: hw rev 0x200, fw ver 16.242414.0, address f4:8c:50:9d:eb:35
   syncing disks...
   OpenBSD 6.5-current (GENERIC.MP) #35: Sat May 18 11:40:36 MDT 2019
       deraadt@amd64.openbsd.org:/usr/src/sys/arch/amd64/compile/GENERIC.MP
   real mem = 8304582656 (7919MB)
   avail mem = 8042799104 (7670MB)
   mpath0 at root
   scsibus0 at mpath0: 256 targets
   mainbus0 at root
   bios0 at mainbus0: SMBIOS rev. 2.8 @ 0xcf055000 (65 entries)
   bios0: vendor LENOVO version "N1FET64W (1.38 )" date 07/25/2018
   bios0: LENOVO 20FBCTO1WW
   acpi0 at bios0: rev 2
   acpi0: sleep states S0 S3 S4 S5
   acpi0: tables DSDT FACP TCPA SSDT SSDT TPM2 UEFI SSDT SSDT ECDT HPET APIC MCFG SSDT SSDT DBGP DBG2 BOOT BATB SSDT SSDT MSDM DMAR ASF! FPDT UEFI
   acpi0: wakeup devices LID_(S4) SLPB(S3) IGBE(S4) EXP9(S4) XHCI(S3)
   acpitimer0 at acpi0: 3579545 Hz, 24 bits
   acpiec0 at acpi0
   acpihpet0 at acpi0: 23999999 Hz
   acpimadt0 at acpi0 addr 0xfee00000: PC-AT compat
   cpu0 at mainbus0: apid 0 (boot processor)
   cpu0: Intel(R) Core(TM) i5-6200U CPU @ 2.30GHz, 2195.81 MHz, 06-4e-03
   cpu0: FPU,VME,DE,PSE,TSC,MSR,PAE,MCE,CX8,APIC,SEP,MTRR,PGE,MCA,CMOV,PAT,PSE36,CFLUSH,DS,ACPI,MMX,FXSR,SSE,SSE2,SS,HTT,TM,PBE,SSE3,PCLMUL,DTES64,MWAIT,DS-CPL,VMX,EST,TM2,SSSE3,SDBG,FMA3,CX16,xTPR,PDCM,PCID,SSE4.1,SSE4.2,x2APIC,MOVBE,POPCNT,DEADLINE,AES,XSAVE,AVX,F16C,RDRAND,NXE,PAGE1GB,RDTSCP,LONG,LAHF,ABM,3DNOWP,PERF,ITSC,FSGSBASE,SGX,BMI1,AVX2,SMEP,BMI2,ERMS,INVPCID,MPX,RDSEED,ADX,SMAP,CLFLUSHOPT,PT,IBRS,IBPB,STIBP,L1DF,SSBD,SENSOR,ARAT,XSAVEOPT,XSAVEC,XGETBV1,XSAVES,MELTDOWN
   cpu0: 256KB 64b/line 8-way L2 cache
   cpu0: smt 0, core 0, package 0
   mtrr: Pentium Pro MTRR support, 10 var ranges, 88 fixed ranges
   cpu0: apic clock running at 23MHz
   cpu0: mwait min=64, max=64, C-substates=0.2.1.2.4.1.1.1, IBE
   cpu1 at mainbus0: apid 2 (application processor)
   cpu1: Intel(R) Core(TM) i5-6200U CPU @ 2.30GHz, 2194.89 MHz, 06-4e-03
   cpu1: FPU,VME,DE,PSE,TSC,MSR,PAE,MCE,CX8,APIC,SEP,MTRR,PGE,MCA,CMOV,PAT,PSE36,CFLUSH,DS,ACPI,MMX,FXSR,SSE,SSE2,SS,HTT,TM,PBE,SSE3,PCLMUL,DTES64,MWAIT,DS-CPL,VMX,EST,TM2,SSSE3,SDBG,FMA3,CX16,xTPR,PDCM,PCID,SSE4.1,SSE4.2,x2APIC,MOVBE,POPCNT,DEADLINE,AES,XSAVE,AVX,F16C,RDRAND,NXE,PAGE1GB,RDTSCP,LONG,LAHF,ABM,3DNOWP,PERF,ITSC,FSGSBASE,SGX,BMI1,AVX2,SMEP,BMI2,ERMS,INVPCID,MPX,RDSEED,ADX,SMAP,CLFLUSHOPT,PT,IBRS,IBPB,STIBP,L1DF,SSBD,SENSOR,ARAT,XSAVEOPT,XSAVEC,XGETBV1,XSAVES,MELTDOWN
   cpu1: 256KB 64b/line 8-way L2 cache
   cpu1: smt 0, core 1, package 0
   cpu2 at mainbus0: apid 1 (application processor)
   cpu2: Intel(R) Core(TM) i5-6200U CPU @ 2.30GHz, 2194.89 MHz, 06-4e-03
   cpu2: FPU,VME,DE,PSE,TSC,MSR,PAE,MCE,CX8,APIC,SEP,MTRR,PGE,MCA,CMOV,PAT,PSE36,CFLUSH,DS,ACPI,MMX,FXSR,SSE,SSE2,SS,HTT,TM,PBE,SSE3,PCLMUL,DTES64,MWAIT,DS-CPL,VMX,EST,TM2,SSSE3,SDBG,FMA3,CX16,xTPR,PDCM,PCID,SSE4.1,SSE4.2,x2APIC,MOVBE,POPCNT,DEADLINE,AES,XSAVE,AVX,F16C,RDRAND,NXE,PAGE1GB,RDTSCP,LONG,LAHF,ABM,3DNOWP,PERF,ITSC,FSGSBASE,SGX,BMI1,AVX2,SMEP,BMI2,ERMS,INVPCID,MPX,RDSEED,ADX,SMAP,CLFLUSHOPT,PT,IBRS,IBPB,STIBP,L1DF,SSBD,SENSOR,ARAT,XSAVEOPT,XSAVEC,XGETBV1,XSAVES,MELTDOWN
   cpu2: 256KB 64b/line 8-way L2 cache
   cpu2: smt 1, core 0, package 0
   cpu3 at mainbus0: apid 3 (application processor)
   cpu3: Intel(R) Core(TM) i5-6200U CPU @ 2.30GHz, 2194.89 MHz, 06-4e-03
   cpu3: FPU,VME,DE,PSE,TSC,MSR,PAE,MCE,CX8,APIC,SEP,MTRR,PGE,MCA,CMOV,PAT,PSE36,CFLUSH,DS,ACPI,MMX,FXSR,SSE,SSE2,SS,HTT,TM,PBE,SSE3,PCLMUL,DTES64,MWAIT,DS-CPL,VMX,EST,TM2,SSSE3,SDBG,FMA3,CX16,xTPR,PDCM,PCID,SSE4.1,SSE4.2,x2APIC,MOVBE,POPCNT,DEADLINE,AES,XSAVE,AVX,F16C,RDRAND,NXE,PAGE1GB,RDTSCP,LONG,LAHF,ABM,3DNOWP,PERF,ITSC,FSGSBASE,SGX,BMI1,AVX2,SMEP,BMI2,ERMS,INVPCID,MPX,RDSEED,ADX,SMAP,CLFLUSHOPT,PT,IBRS,IBPB,STIBP,L1DF,SSBD,SENSOR,ARAT,XSAVEOPT,XSAVEC,XGETBV1,XSAVES,MELTDOWN
   cpu3: 256KB 64b/line 8-way L2 cache
   cpu3: smt 1, core 1, package 0
   ioapic0 at mainbus0: apid 2 pa 0xfec00000, version 20, 120 pins
   acpimcfg0 at acpi0
   acpimcfg0: addr 0xf8000000, bus 0-63
   acpiprt0 at acpi0: bus 0 (PCI0)
   acpiprt1 at acpi0: bus -1 (PEG0)
   acpiprt2 at acpi0: bus -1 (PEG1)
   acpiprt3 at acpi0: bus -1 (PEG2)
   acpiprt4 at acpi0: bus 2 (EXP1)
   acpiprt5 at acpi0: bus 4 (EXP3)
   acpiprt6 at acpi0: bus -1 (EXP5)
   acpiprt7 at acpi0: bus -1 (EXP9)
   acpicpu0 at acpi0: C3(200@1034 mwait.1@0x60), C2(200@151 mwait.1@0x33), C1(1000@1 mwait.1), PSS
   acpicpu1 at acpi0: C3(200@1034 mwait.1@0x60), C2(200@151 mwait.1@0x33), C1(1000@1 mwait.1), PSS
   acpicpu2 at acpi0: C3(200@1034 mwait.1@0x60), C2(200@151 mwait.1@0x33), C1(1000@1 mwait.1), PSS
   acpicpu3 at acpi0: C3(200@1034 mwait.1@0x60), C2(200@151 mwait.1@0x33), C1(1000@1 mwait.1), PSS
   acpipwrres0 at acpi0: PUBS, resource for XHCI
   acpipwrres1 at acpi0: PG00, resource for PEG0
   acpipwrres2 at acpi0: PG01, resource for PEG1
   acpipwrres3 at acpi0: PG02, resource for PEG2
   acpipwrres4 at acpi0: WRST
   acpipwrres5 at acpi0: WRST
   acpitz0 at acpi0: critical temperature is 128 degC
   acpibtn0 at acpi0: LID_
   acpibtn1 at acpi0: SLPB
   acpipci0 at acpi0 PCI0: 0x00000000 0x00000011 0x00000001
   acpicmos0 at acpi0
   acpibat0 at acpi0: BAT0 model "00HW029" serial  4313 type LiP oem "SMP"
   acpiac0 at acpi0: AC unit online
   acpithinkpad0 at acpi0
   "PNP0C60" at acpi0 not configured
   "PNP0C14" at acpi0 not configured
   "PNP0C14" at acpi0 not configured
   "PNP0C14" at acpi0 not configured
   "INT0E0C" at acpi0 not configured
   "PNP0C14" at acpi0 not configured
   "MSFT0101" at acpi0 not configured
   acpivideo0 at acpi0: GFX0
   acpivout at acpivideo0 not configured
   cpu0: using Skylake AVX MDS workaround
   cpu0: Enhanced SpeedStep 2195 MHz: speeds: 2301, 2300, 2200, 2100, 2000, 1800, 1700, 1500, 1400, 1300, 1100, 1000, 800, 700, 500, 400 MHz
   pci0 at mainbus0 bus 0
   pchb0 at pci0 dev 0 function 0 "Intel Core 6G Host" rev 0x08
   inteldrm0 at pci0 dev 2 function 0 "Intel HD Graphics 520" rev 0x07
   drm0 at inteldrm0
   inteldrm0: msi
   "Intel Core GMM" rev 0x00 at pci0 dev 8 function 0 not configured
   "Intel 100 Series ISH" rev 0x21 at pci0 dev 19 function 0 not configured
   xhci0 at pci0 dev 20 function 0 "Intel 100 Series xHCI" rev 0x21: msi, xHCI 1.0
   usb0 at xhci0: USB revision 3.0
   uhub0 at usb0 configuration 1 interface 0 "Intel xHCI root hub" rev 3.00/1.00 addr 1
   pchtemp0 at pci0 dev 20 function 2 "Intel 100 Series Thermal" rev 0x21
   "Intel 100 Series MEI" rev 0x21 at pci0 dev 22 function 0 not configured
   ahci0 at pci0 dev 23 function 0 "Intel 100 Series AHCI" rev 0x21: msi, AHCI 1.3.1
   ahci0: port 1: 6.0Gb/s
   scsibus1 at ahci0: 32 targets
   sd0 at scsibus1 targ 1 lun 0: <ATA, SAMSUNG MZNTY128, MAT2> SCSI3 0/direct fixed naa.5002538d00000000
   sd0: 122104MB, 512 bytes/sector, 250069680 sectors, thin
   ppb0 at pci0 dev 28 function 0 "Intel 100 Series PCIE" rev 0xf1: msi
   pci1 at ppb0 bus 2
   rtsx0 at pci1 dev 0 function 0 "Realtek RTS525A Card Reader" rev 0x01: msi
   sdmmc0 at rtsx0: 4-bit, dma
   ppb1 at pci0 dev 28 function 2 "Intel 100 Series PCIE" rev 0xf1: msi
   pci2 at ppb1 bus 4
   iwm0 at pci2 dev 0 function 0 "Intel Dual Band Wireless AC 8260" rev 0x3a, msi
   pcib0 at pci0 dev 31 function 0 "Intel 100 Series LPC" rev 0x21
   "Intel 100 Series PMC" rev 0x21 at pci0 dev 31 function 2 not configured
   azalia0 at pci0 dev 31 function 3 "Intel 100 Series HD Audio" rev 0x21: msi
   azalia0: codecs: Conexant/0x5111, Intel/0x2809, using Conexant/0x5111
   audio0 at azalia0
   ichiic0 at pci0 dev 31 function 4 "Intel 100 Series SMBus" rev 0x21: apic 2 int 16
   iic0 at ichiic0
   em0 at pci0 dev 31 function 6 "Intel I219-V" rev 0x21: msi, address 54:ee:75:c7:59:9b
   isa0 at pcib0
   isadma0 at isa0
   pckbc0 at isa0 port 0x60/5 irq 1 irq 12
   pckbd0 at pckbc0 (kbd slot)
   wskbd0 at pckbd0: console keyboard
   pms0 at pckbc0 (aux slot)
   wsmouse0 at pms0 mux 0
   wsmouse1 at pms0 mux 0
   pms0: Synaptics clickpad, firmware 8.2, 0x1e2b1 0x940300
   pcppi0 at isa0 port 0x61
   spkr0 at pcppi0
   vmm0 at mainbus0: VMX/EPT
   efifb at mainbus0 not configured
   ugen0 at uhub0 port 7 "Intel Bluetooth" rev 2.00/0.01 addr 2
   uvideo0 at uhub0 port 8 configuration 1 interface 0 "Chicony Electronics Co.,Ltd. Integrated Camera" rev 2.00/0.04 addr 3
   video0 at uvideo0
   ugen1 at uhub0 port 9 "Validity Sensors product 0x0090" rev 2.00/1.64 addr 4
   vscsi0 at root
   scsibus2 at vscsi0: 256 targets
   softraid0 at root
   scsibus3 at softraid0: 256 targets
   sd1 at scsibus3 targ 1 lun 0: <OPENBSD, SR CRYPTO, 006> SCSI2 0/direct fixed
   sd1: 122103MB, 512 bytes/sector, 250068065 sectors
   root on sd1a (535eb8b91e6ff774.a) swap on sd1b dump on sd1b
   inteldrm0: 1920x1080, 32bpp
   wsdisplay0 at inteldrm0 mux 1: console (std, vt100 emulation), using wskbd0
   wsdisplay0: screen 1-5 added (std, vt100 emulation)
   iwm0: hw rev 0x200, fw ver 16.242414.0, address f4:8c:50:9d:eb:35
   ugen0 detached
   video0 detached
   uvideo0 detached
   ugen1 detached
   uhub0 detached
   uhub0 at usb0 configuration 1 interface 0 "Intel xHCI root hub" rev 3.00/1.00 addr 1
   ugen0 at uhub0 port 7 "Intel Bluetooth" rev 2.00/0.01 addr 2
   uvideo0 at uhub0 port 8 configuration 1 interface 0 "Chicony Electronics Co.,Ltd. Integrated Camera" rev 2.00/0.04 addr 3
   video0 at uvideo0
   ugen1 at uhub0 port 9 "Validity Sensors product 0x0090" rev 2.00/1.64 addr 4
   ugen0 detached
   video0 detached
   uvideo0 detached
   ugen1 detached
   uhub0 detached
   uhub0 at usb0 configuration 1 interface 0 "Intel xHCI root hub" rev 3.00/1.00 addr 1
   ugen0 at uhub0 port 7 "Intel Bluetooth" rev 2.00/0.01 addr 2
   uvideo0 at uhub0 port 8 configuration 1 interface 0 "Chicony Electronics Co.,Ltd. Integrated Camera" rev 2.00/0.04 addr 3
   video0 at uvideo0
   ugen1 at uhub0 port 9 "Validity Sensors product 0x0090" rev 2.00/1.64 addr 4
   ugen0 detached
   video0 detached
   uvideo0 detached
   ugen1 detached
   uhub0 detached
   uhub0 at usb0 configuration 1 interface 0 "Intel xHCI root hub" rev 3.00/1.00 addr 1
   ugen0 at uhub0 port 7 "Intel Bluetooth" rev 2.00/0.01 addr 2
   uvideo0 at uhub0 port 8 configuration 1 interface 0 "Chicony Electronics Co.,Ltd. Integrated Camera" rev 2.00/0.04 addr 3
   video0 at uvideo0
   ugen1 at uhub0 port 9 "Validity Sensors product 0x0090" rev 2.00/1.64 addr 4
   ugen0 detached
   video0 detached
   uvideo0 detached
   ugen1 detached
   uhub0 detached
   uhub0 at usb0 configuration 1 interface 0 "Intel xHCI root hub" rev 3.00/1.00 addr 1
   ugen0 at uhub0 port 7 "Intel Bluetooth" rev 2.00/0.01 addr 2
   uvideo0 at uhub0 port 8 configuration 1 interface 0 "Chicony Electronics Co.,Ltd. Integrated Camera" rev 2.00/0.04 addr 3
   video0 at uvideo0
   ugen1 at uhub0 port 9 "Validity Sensors product 0x0090" rev 2.00/1.64 addr 4
   syncing disks... done
   rebo
   OpenBSD 6.5-current (RAMDISK_CD) #32: Tue May 21 19:48:38 MDT 2019
       deraadt@amd64.openbsd.org:/usr/src/sys/arch/amd64/compile/RAMDISK_CD
   real mem = 8304582656 (7919MB)
   avail mem = 8048918528 (7676MB)
   mainbus0 at root
   bios0 at mainbus0: SMBIOS rev. 2.8 @ 0xcf055000 (65 entries)
   bios0: vendor LENOVO version "N1FET64W (1.38 )" date 07/25/2018
   bios0: LENOVO 20FBCTO1WW
   acpi0 at bios0: rev 2
   acpi0: tables DSDT FACP TCPA SSDT SSDT TPM2 UEFI SSDT SSDT ECDT HPET APIC MCFG SSDT SSDT DBGP DBG2 BOOT BATB SSDT SSDT MSDM DMAR ASF! FPDT UEFI
   acpiec0 at acpi0
   acpimadt0 at acpi0 addr 0xfee00000: PC-AT compat
   cpu0 at mainbus0: apid 0 (boot processor)
   cpu0: Intel(R) Core(TM) i5-6200U CPU @ 2.30GHz, 1097.91 MHz, 06-4e-03
   cpu0: FPU,VME,DE,PSE,TSC,MSR,PAE,MCE,CX8,APIC,SEP,MTRR,PGE,MCA,CMOV,PAT,PSE36,CFLUSH,DS,ACPI,MMX,FXSR,SSE,SSE2,SS,HTT,TM,PBE,SSE3,PCLMUL,DTES64,MWAIT,DS-CPL,VMX,EST,TM2,SSSE3,SDBG,FMA3,CX16,xTPR,PDCM,PCID,SSE4.1,SSE4.2,x2APIC,MOVBE,POPCNT,DEADLINE,AES,XSAVE,AVX,F16C,RDRAND,NXE,PAGE1GB,RDTSCP,LONG,LAHF,ABM,3DNOWP,PERF,ITSC,FSGSBASE,SGX,BMI1,AVX2,SMEP,BMI2,ERMS,INVPCID,MPX,RDSEED,ADX,SMAP,CLFLUSHOPT,PT,IBRS,IBPB,STIBP,L1DF,SSBD,SENSOR,ARAT,XSAVEOPT,XSAVEC,XGETBV1,XSAVES,MELTDOWN
   cpu0: 256KB 64b/line 8-way L2 cache
   cpu0: apic clock running at 23MHz
   cpu0: mwait min=64, max=64, C-substates=0.2.1.2.4.1.1.1, IBE
   cpu at mainbus0: not configured
   cpu at mainbus0: not configured
   cpu at mainbus0: not configured
   ioapic0 at mainbus0: apid 2 pa 0xfec00000, version 20, 120 pins
   acpiprt0 at acpi0: bus 0 (PCI0)
   acpiprt1 at acpi0: bus -1 (PEG0)
   acpiprt2 at acpi0: bus -1 (PEG1)
   acpiprt3 at acpi0: bus -1 (PEG2)
   acpiprt4 at acpi0: bus 2 (EXP1)
   acpiprt5 at acpi0: bus 4 (EXP3)
   acpiprt6 at acpi0: bus -1 (EXP5)
   acpiprt7 at acpi0: bus -1 (EXP9)
   acpicpu at acpi0 not configured
   acpipwrres at acpi0 not configured
   acpipwrres at acpi0 not configured
   acpipwrres at acpi0 not configured
   acpipwrres at acpi0 not configured
   acpipwrres at acpi0 not configured
   acpipwrres at acpi0 not configured
   acpitz at acpi0 not configured
   "PNP0C0D" at acpi0 not configured
   "PNP0C0E" at acpi0 not configured
   "PNP0A08" at acpi0 not configured
   acpicmos0 at acpi0
   "PNP0C0A" at acpi0 not configured
   "ACPI0003" at acpi0 not configured
   "LEN0068" at acpi0 not configured
   "PNP0C60" at acpi0 not configured
   "PNP0C14" at acpi0 not configured
   "PNP0C14" at acpi0 not configured
   "PNP0C14" at acpi0 not configured
   "INT0E0C" at acpi0 not configured
   "PNP0C14" at acpi0 not configured
   "MSFT0101" at acpi0 not configured
   cpu0: using Skylake AVX MDS workaround
   pci0 at mainbus0 bus 0
   pchb0 at pci0 dev 0 function 0 "Intel Core 6G Host" rev 0x08
   "Intel HD Graphics 520" rev 0x07 at pci0 dev 2 function 0 not configured
   "Intel Core GMM" rev 0x00 at pci0 dev 8 function 0 not configured
   "Intel 100 Series ISH" rev 0x21 at pci0 dev 19 function 0 not configured
   xhci0 at pci0 dev 20 function 0 "Intel 100 Series xHCI" rev 0x21: msi, xHCI 1.0
   usb0 at xhci0: USB revision 3.0
   uhub0 at usb0 configuration 1 interface 0 "Intel xHCI root hub" rev 3.00/1.00 addr 1
   "Intel 100 Series Thermal" rev 0x21 at pci0 dev 20 function 2 not configured
   "Intel 100 Series MEI" rev 0x21 at pci0 dev 22 function 0 not configured
   ahci0 at pci0 dev 23 function 0 "Intel 100 Series AHCI" rev 0x21: msi, AHCI 1.3.1
   ahci0: port 1: 6.0Gb/s
   scsibus0 at ahci0: 32 targets
   sd0 at scsibus0 targ 1 lun 0: <ATA, SAMSUNG MZNTY128, MAT2> SCSI3 0/direct fixed naa.5002538d00000000
   sd0: 122104MB, 512 bytes/sector, 250069680 sectors, thin
   ppb0 at pci0 dev 28 function 0 "Intel 100 Series PCIE" rev 0xf1: msi
   pci1 at ppb0 bus 2
   rtsx0 at pci1 dev 0 function 0 "Realtek RTS525A Card Reader" rev 0x01: msi
   sdmmc0 at rtsx0: 4-bit, dma
   ppb1 at pci0 dev 28 function 2 "Intel 100 Series PCIE" rev 0xf1: msi
   pci2 at ppb1 bus 4
   iwm0 at pci2 dev 0 function 0 "Intel Dual Band Wireless AC 8260" rev 0x3a, msi
   "Intel 100 Series LPC" rev 0x21 at pci0 dev 31 function 0 not configured
   "Intel 100 Series PMC" rev 0x21 at pci0 dev 31 function 2 not configured
   "Intel 100 Series HD Audio" rev 0x21 at pci0 dev 31 function 3 not configured
   "Intel 100 Series SMBus" rev 0x21 at pci0 dev 31 function 4 not configured
   em0 at pci0 dev 31 function 6 "Intel I219-V" rev 0x21: msi, address 54:ee:75:c7:59:9b
   isa0 at mainbus0
   pckbc0 at isa0 port 0x60/5 irq 1 irq 12
   pckbd0 at pckbc0 (kbd slot)
   wskbd0 at pckbd0: console keyboard
   efifb0 at mainbus0: 1920x1080, 32bpp
   wsdisplay0 at efifb0 mux 1: console (std, vt100 emulation), using wskbd0
   "vendor 0x8087 product 0x0a2b" rev 2.00/0.01 addr 2 at uhub0 port 7 not configured
   "Chicony Electronics Co.,Ltd. Integrated Camera" rev 2.00/0.04 addr 3 at uhub0 port 8 not configured
   "vendor 0x138a product 0x0090" rev 2.00/1.64 addr 4 at uhub0 port 9 not configured
   softraid0 at root
   scsibus1 at softraid0: 256 targets
   sd1 at scsibus1 targ 1 lun 0: <OPENBSD, SR CRYPTO, 006> SCSI2 0/direct fixed
   sd1: 122103MB, 512 bytes/sector, 250068065 sectors
   root on rd0a swap on rd0b dump on rd0b
   iwm0: could not read firmware iwm-8000C-16 (error 2)
   iwm0: failed to load init firmware
   iwm0: hw rev 0x200, fw ver 16.242414.0, address f4:8c:50:9d:eb:35
   syncing disks... done
   OpenBSD 6.5-current (GENERIC.MP) #37: Tue May 21 19:41:49 MDT 2019
       deraadt@amd64.openbsd.org:/usr/src/sys/arch/amd64/compile/GENERIC.MP
   real mem = 8304582656 (7919MB)
   avail mem = 8042790912 (7670MB)
   mpath0 at root
   scsibus0 at mpath0: 256 targets
   mainbus0 at root
   bios0 at mainbus0: SMBIOS rev. 2.8 @ 0xcf055000 (65 entries)
   bios0: vendor LENOVO version "N1FET64W (1.38 )" date 07/25/2018
   bios0: LENOVO 20FBCTO1WW
   acpi0 at bios0: rev 2
   acpi0: sleep states S0 S3 S4 S5
   acpi0: tables DSDT FACP TCPA SSDT SSDT TPM2 UEFI SSDT SSDT ECDT HPET APIC MCFG SSDT SSDT DBGP DBG2 BOOT BATB SSDT SSDT MSDM DMAR ASF! FPDT UEFI
   acpi0: wakeup devices LID_(S4) SLPB(S3) IGBE(S4) EXP9(S4) XHCI(S3)
   acpitimer0 at acpi0: 3579545 Hz, 24 bits
   acpiec0 at acpi0
   acpihpet0 at acpi0: 23999999 Hz
   acpimadt0 at acpi0 addr 0xfee00000: PC-AT compat
   cpu0 at mainbus0: apid 0 (boot processor)
   cpu0: Intel(R) Core(TM) i5-6200U CPU @ 2.30GHz, 1097.90 MHz, 06-4e-03
   cpu0: FPU,VME,DE,PSE,TSC,MSR,PAE,MCE,CX8,APIC,SEP,MTRR,PGE,MCA,CMOV,PAT,PSE36,CFLUSH,DS,ACPI,MMX,FXSR,SSE,SSE2,SS,HTT,TM,PBE,SSE3,PCLMUL,DTES64,MWAIT,DS-CPL,VMX,EST,TM2,SSSE3,SDBG,FMA3,CX16,xTPR,PDCM,PCID,SSE4.1,SSE4.2,x2APIC,MOVBE,POPCNT,DEADLINE,AES,XSAVE,AVX,F16C,RDRAND,NXE,PAGE1GB,RDTSCP,LONG,LAHF,ABM,3DNOWP,PERF,ITSC,FSGSBASE,SGX,BMI1,AVX2,SMEP,BMI2,ERMS,INVPCID,MPX,RDSEED,ADX,SMAP,CLFLUSHOPT,PT,MD_CLEAR,TSXFA,IBRS,IBPB,STIBP,L1DF,SSBD,SENSOR,ARAT,XSAVEOPT,XSAVEC,XGETBV1,XSAVES,MELTDOWN
   cpu0: 256KB 64b/line 8-way L2 cache
   cpu0: smt 0, core 0, package 0
   mtrr: Pentium Pro MTRR support, 10 var ranges, 88 fixed ranges
   cpu0: apic clock running at 23MHz
   cpu0: mwait min=64, max=64, C-substates=0.2.1.2.4.1.1.1, IBE
   cpu1 at mainbus0: apid 2 (application processor)
   cpu1: Intel(R) Core(TM) i5-6200U CPU @ 2.30GHz, 925.99 MHz, 06-4e-03
   cpu1: FPU,VME,DE,PSE,TSC,MSR,PAE,MCE,CX8,APIC,SEP,MTRR,PGE,MCA,CMOV,PAT,PSE36,CFLUSH,DS,ACPI,MMX,FXSR,SSE,SSE2,SS,HTT,TM,PBE,SSE3,PCLMUL,DTES64,MWAIT,DS-CPL,VMX,EST,TM2,SSSE3,SDBG,FMA3,CX16,xTPR,PDCM,PCID,SSE4.1,SSE4.2,x2APIC,MOVBE,POPCNT,DEADLINE,AES,XSAVE,AVX,F16C,RDRAND,NXE,PAGE1GB,RDTSCP,LONG,LAHF,ABM,3DNOWP,PERF,ITSC,FSGSBASE,SGX,BMI1,AVX2,SMEP,BMI2,ERMS,INVPCID,MPX,RDSEED,ADX,SMAP,CLFLUSHOPT,PT,MD_CLEAR,TSXFA,IBRS,IBPB,STIBP,L1DF,SSBD,SENSOR,ARAT,XSAVEOPT,XSAVEC,XGETBV1,XSAVES,MELTDOWN
   cpu1: 256KB 64b/line 8-way L2 cache
   cpu1: smt 0, core 1, package 0
   cpu2 at mainbus0: apid 1 (application processor)
   cpu2: Intel(R) Core(TM) i5-6200U CPU @ 2.30GHz, 897.91 MHz, 06-4e-03
   cpu2: FPU,VME,DE,PSE,TSC,MSR,PAE,MCE,CX8,APIC,SEP,MTRR,PGE,MCA,CMOV,PAT,PSE36,CFLUSH,DS,ACPI,MMX,FXSR,SSE,SSE2,SS,HTT,TM,PBE,SSE3,PCLMUL,DTES64,MWAIT,DS-CPL,VMX,EST,TM2,SSSE3,SDBG,FMA3,CX16,xTPR,PDCM,PCID,SSE4.1,SSE4.2,x2APIC,MOVBE,POPCNT,DEADLINE,AES,XSAVE,AVX,F16C,RDRAND,NXE,PAGE1GB,RDTSCP,LONG,LAHF,ABM,3DNOWP,PERF,ITSC,FSGSBASE,SGX,BMI1,AVX2,SMEP,BMI2,ERMS,INVPCID,MPX,RDSEED,ADX,SMAP,CLFLUSHOPT,PT,MD_CLEAR,TSXFA,IBRS,IBPB,STIBP,L1DF,SSBD,SENSOR,ARAT,XSAVEOPT,XSAVEC,XGETBV1,XSAVES,MELTDOWN
   cpu2: 256KB 64b/line 8-way L2 cache
   cpu2: smt 1, core 0, package 0
   cpu3 at mainbus0: apid 3 (application processor)
   cpu3: Intel(R) Core(TM) i5-6200U CPU @ 2.30GHz, 897.91 MHz, 06-4e-03
   cpu3: FPU,VME,DE,PSE,TSC,MSR,PAE,MCE,CX8,APIC,SEP,MTRR,PGE,MCA,CMOV,PAT,PSE36,CFLUSH,DS,ACPI,MMX,FXSR,SSE,SSE2,SS,HTT,TM,PBE,SSE3,PCLMUL,DTES64,MWAIT,DS-CPL,VMX,EST,TM2,SSSE3,SDBG,FMA3,CX16,xTPR,PDCM,PCID,SSE4.1,SSE4.2,x2APIC,MOVBE,POPCNT,DEADLINE,AES,XSAVE,AVX,F16C,RDRAND,NXE,PAGE1GB,RDTSCP,LONG,LAHF,ABM,3DNOWP,PERF,ITSC,FSGSBASE,SGX,BMI1,AVX2,SMEP,BMI2,ERMS,INVPCID,MPX,RDSEED,ADX,SMAP,CLFLUSHOPT,PT,MD_CLEAR,TSXFA,IBRS,IBPB,STIBP,L1DF,SSBD,SENSOR,ARAT,XSAVEOPT,XSAVEC,XGETBV1,XSAVES,MELTDOWN
   cpu3: 256KB 64b/line 8-way L2 cache
   cpu3: smt 1, core 1, package 0
   ioapic0 at mainbus0: apid 2 pa 0xfec00000, version 20, 120 pins
   acpimcfg0 at acpi0
   acpimcfg0: addr 0xf8000000, bus 0-63
   acpiprt0 at acpi0: bus 0 (PCI0)
   acpiprt1 at acpi0: bus -1 (PEG0)
   acpiprt2 at acpi0: bus -1 (PEG1)
   acpiprt3 at acpi0: bus -1 (PEG2)
   acpiprt4 at acpi0: bus 2 (EXP1)
   acpiprt5 at acpi0: bus 4 (EXP3)
   acpiprt6 at acpi0: bus -1 (EXP5)
   acpiprt7 at acpi0: bus -1 (EXP9)
   acpicpu0 at acpi0: C3(200@1034 mwait.1@0x60), C2(200@151 mwait.1@0x33), C1(1000@1 mwait.1), PSS
   acpicpu1 at acpi0: C3(200@1034 mwait.1@0x60), C2(200@151 mwait.1@0x33), C1(1000@1 mwait.1), PSS
   acpicpu2 at acpi0: C3(200@1034 mwait.1@0x60), C2(200@151 mwait.1@0x33), C1(1000@1 mwait.1), PSS
   acpicpu3 at acpi0: C3(200@1034 mwait.1@0x60), C2(200@151 mwait.1@0x33), C1(1000@1 mwait.1), PSS
   acpipwrres0 at acpi0: PUBS, resource for XHCI
   acpipwrres1 at acpi0: PG00, resource for PEG0
   acpipwrres2 at acpi0: PG01, resource for PEG1
   acpipwrres3 at acpi0: PG02, resource for PEG2
   acpipwrres4 at acpi0: WRST
   acpipwrres5 at acpi0: WRST
   acpitz0 at acpi0: critical temperature is 128 degC
   acpibtn0 at acpi0: LID_
   acpibtn1 at acpi0: SLPB
   acpipci0 at acpi0 PCI0: 0x00000000 0x00000011 0x00000001
   acpicmos0 at acpi0
   acpibat0 at acpi0: BAT0 model "00HW029" serial  4313 type LiP oem "SMP"
   acpiac0 at acpi0: AC unit offline
   acpithinkpad0 at acpi0
   "PNP0C60" at acpi0 not configured
   "PNP0C14" at acpi0 not configured
   "PNP0C14" at acpi0 not configured
   "PNP0C14" at acpi0 not configured
   "INT0E0C" at acpi0 not configured
   "PNP0C14" at acpi0 not configured
   "MSFT0101" at acpi0 not configured
   acpivideo0 at acpi0: GFX0
   acpivout at acpivideo0 not configured
   cpu0: using VERW MDS workaround
   cpu0: Enhanced SpeedStep 1097 MHz: speeds: 2301, 2300, 2200, 2100, 2000, 1800, 1700, 1500, 1400, 1300, 1100, 1000, 800, 700, 500, 400 MHz
   pci0 at mainbus0 bus 0
   pchb0 at pci0 dev 0 function 0 "Intel Core 6G Host" rev 0x08
   inteldrm0 at pci0 dev 2 function 0 "Intel HD Graphics 520" rev 0x07
   drm0 at inteldrm0
   inteldrm0: msi
   "Intel Core GMM" rev 0x00 at pci0 dev 8 function 0 not configured
   "Intel 100 Series ISH" rev 0x21 at pci0 dev 19 function 0 not configured
   xhci0 at pci0 dev 20 function 0 "Intel 100 Series xHCI" rev 0x21: msi, xHCI 1.0
   usb0 at xhci0: USB revision 3.0
   uhub0 at usb0 configuration 1 interface 0 "Intel xHCI root hub" rev 3.00/1.00 addr 1
   pchtemp0 at pci0 dev 20 function 2 "Intel 100 Series Thermal" rev 0x21
   "Intel 100 Series MEI" rev 0x21 at pci0 dev 22 function 0 not configured
   ahci0 at pci0 dev 23 function 0 "Intel 100 Series AHCI" rev 0x21: msi, AHCI 1.3.1
   ahci0: port 1: 6.0Gb/s
   scsibus1 at ahci0: 32 targets
   sd0 at scsibus1 targ 1 lun 0: <ATA, SAMSUNG MZNTY128, MAT2> SCSI3 0/direct fixed naa.5002538d00000000
   sd0: 122104MB, 512 bytes/sector, 250069680 sectors, thin
   ppb0 at pci0 dev 28 function 0 "Intel 100 Series PCIE" rev 0xf1: msi
   pci1 at ppb0 bus 2
   rtsx0 at pci1 dev 0 function 0 "Realtek RTS525A Card Reader" rev 0x01: msi
   sdmmc0 at rtsx0: 4-bit, dma
   ppb1 at pci0 dev 28 function 2 "Intel 100 Series PCIE" rev 0xf1: msi
   pci2 at ppb1 bus 4
   iwm0 at pci2 dev 0 function 0 "Intel Dual Band Wireless AC 8260" rev 0x3a, msi
   pcib0 at pci0 dev 31 function 0 "Intel 100 Series LPC" rev 0x21
   "Intel 100 Series PMC" rev 0x21 at pci0 dev 31 function 2 not configured
   azalia0 at pci0 dev 31 function 3 "Intel 100 Series HD Audio" rev 0x21: msi
   azalia0: codecs: Conexant/0x5111, Intel/0x2809, using Conexant/0x5111
   audio0 at azalia0
   ichiic0 at pci0 dev 31 function 4 "Intel 100 Series SMBus" rev 0x21: apic 2 int 16
   iic0 at ichiic0
   em0 at pci0 dev 31 function 6 "Intel I219-V" rev 0x21: msi, address 54:ee:75:c7:59:9b
   isa0 at pcib0
   isadma0 at isa0
   pckbc0 at isa0 port 0x60/5 irq 1 irq 12
   pckbd0 at pckbc0 (kbd slot)
   wskbd0 at pckbd0: console keyboard
   pms0 at pckbc0 (aux slot)
   wsmouse0 at pms0 mux 0
   wsmouse1 at pms0 mux 0
   pms0: Synaptics clickpad, firmware 8.2, 0x1e2b1 0x940300
   pcppi0 at isa0 port 0x61
   spkr0 at pcppi0
   vmm0 at mainbus0: VMX/EPT
   efifb at mainbus0 not configured
   ugen0 at uhub0 port 7 "Intel Bluetooth" rev 2.00/0.01 addr 2
   uvideo0 at uhub0 port 8 configuration 1 interface 0 "Chicony Electronics Co.,Ltd. Integrated Camera" rev 2.00/0.04 addr 3
   video0 at uvideo0
   ugen1 at uhub0 port 9 "Validity Sensors product 0x0090" rev 2.00/1.64 addr 4
   vscsi0 at root
   scsibus2 at vscsi0: 256 targets
   softraid0 at root
   scsibus3 at softraid0: 256 targets
   sd1 at scsibus3 targ 1 lun 0: <OPENBSD, SR CRYPTO, 006> SCSI2 0/direct fixed
   sd1: 122103MB, 512 bytes/sector, 250068065 sectors
   root on sd1a (535eb8b91e6ff774.a) swap on sd1b dump on sd1b
